2024-12-01T00:00:19.879760+01:00 kpepe systemd[1]: rsyslog.service: Sent signal SIGHUP to main process 730 (rsyslogd) on client request.
2024-12-01T00:00:19.880743+01:00 kpepe rsyslogd: [origin software="rsyslogd" swVersion="8.2312.0" x-pid="730" x-info="https://www.rsyslog.com"] rsyslogd was HUPed
2024-12-01T00:00:19.943086+01:00 kpepe systemd[1]: logrotate.service: Deactivated successfully.
2024-12-01T00:00:19.947233+01:00 kpepe systemd[1]: Finished logrotate.service - Rotate log files.
2024-12-01T00:01:29.382198+01:00 kpepe ModemManager[827]: <msg> [sleep-monitor-systemd] system is about to suspend
2024-12-01T00:01:29.382874+01:00 kpepe NetworkManager[811]: <info>  [1733007689.3814] manager: sleep: sleep requested (sleeping: no  enabled: yes)
2024-12-01T00:01:29.383174+01:00 kpepe NetworkManager[811]: <info>  [1733007689.3816] device (eth0): state change: unavailable -> unmanaged (reason 'sleeping', sys-iface-state: 'managed')
2024-12-01T00:01:29.395057+01:00 kpepe NetworkManager[811]: <info>  [1733007689.3944] manager: NetworkManager state is now ASLEEP
2024-12-01T00:01:29.405383+01:00 kpepe systemd[1]: Reached target sleep.target - Sleep.
2024-12-01T00:01:29.430320+01:00 kpepe systemd[1]: Starting systemd-suspend.service - System Suspend...
2024-12-01T00:01:29.656452+01:00 kpepe systemd-sleep[190977]: Failed to lock home directories: Unknown object '/org/freedesktop/home1'.
2024-12-01T00:01:29.657390+01:00 kpepe kernel: PM: suspend entry (deep)
2024-12-01T00:01:29.656920+01:00 kpepe systemd-sleep[190977]: Performing sleep operation 'suspend'...
2024-12-18T00:43:18.747257+01:00 kpepe systemd[1]: Starting systemd-journal-flush.service - Flush Journal to Persistent Storage...
2024-12-18T00:43:18.749393+01:00 kpepe systemd[1]: Finished systemd-sysctl.service - Apply Kernel Variables.
2024-12-18T00:43:18.749439+01:00 kpepe systemd[1]: Finished systemd-udev-trigger.service - Coldplug All udev Devices.
2024-12-18T00:43:18.749455+01:00 kpepe systemd[1]: Starting ifupdown-pre.service - Helper to synchronize boot up for ifupdown...
2024-12-18T00:43:18.749471+01:00 kpepe systemd[1]: Finished systemd-random-seed.service - Load/Save OS Random Seed.
2024-12-18T00:43:18.747920+01:00 kpepe kernel: Linux version 6.6.9-amd64 (devel@kali.org) (gcc-13 (Debian 13.2.0-9) 13.2.0, GNU ld (GNU Binutils for Debian) 2.41.50.20231227) #1 SMP PREEMPT_DYNAMIC Kali 6.6.9-1kali1 (2024-01-08)
2024-12-18T00:43:18.749488+01:00 kpepe systemd[1]: Finished ifupdown-pre.service - Helper to synchronize boot up for ifupdown.
2024-12-18T00:43:18.749560+01:00 kpepe systemd[1]: Finished systemd-tmpfiles-setup-dev-early.service - Create Static Device Nodes in /dev gracefully.
2024-12-18T00:43:18.749586+01:00 kpepe systemd[1]: systemd-sysusers.service - Create System Users was skipped because no trigger condition checks were met.
2024-12-18T00:43:18.749600+01:00 kpepe systemd[1]: Starting systemd-tmpfiles-setup-dev.service - Create Static Device Nodes in /dev...
2024-12-18T00:43:18.749615+01:00 kpepe systemd[1]: Finished systemd-tmpfiles-setup-dev.service - Create Static Device Nodes in /dev.
2024-12-18T00:43:18.749628+01:00 kpepe systemd[1]: Reached target local-fs-pre.target - Preparation for Local File Systems.
2024-12-18T00:43:18.749642+01:00 kpepe systemd[1]: Reached target local-fs.target - Local File Systems.
2024-12-18T00:43:18.749661+01:00 kpepe systemd[1]: Listening on systemd-sysext.socket - System Extension Image Management (Varlink).
2024-12-18T00:43:18.749688+01:00 kpepe systemd[1]: Starting console-setup.service - Set console font and keymap...
2024-12-18T00:43:18.749704+01:00 kpepe systemd[1]: ldconfig.service - Rebuild Dynamic Linker Cache was skipped because no trigger condition checks were met.
2024-12-18T00:43:18.749718+01:00 kpepe systemd[1]: Starting plymouth-read-write.service - Tell Plymouth To Write Out Runtime Data...
2024-12-18T00:43:18.749732+01:00 kpepe systemd[1]: Starting systemd-binfmt.service - Set Up Additional Binary Formats...
2024-12-18T00:43:18.749746+01:00 kpepe systemd[1]: Starting systemd-udevd.service - Rule-based Manager for Device Events and Files...
2024-12-18T00:43:18.749767+01:00 kpepe systemd[1]: Starting ufw.service - Uncomplicated firewall...
2024-12-18T00:43:18.749783+01:00 kpepe systemd[1]: proc-sys-fs-binfmt_misc.automount: Got automount request for /proc/sys/fs/binfmt_misc, triggered by 421 (systemd-binfmt)
2024-12-18T00:43:18.749797+01:00 kpepe systemd[1]: Mounting proc-sys-fs-binfmt_misc.mount - Arbitrary Executable File Formats File System...
2024-12-18T00:43:18.749811+01:00 kpepe systemd[1]: Finished console-setup.service - Set console font and keymap.
2024-12-18T00:43:18.749522+01:00 kpepe kernel: Command line: BOOT_IMAGE=/boot/vmlinuz-6.6.9-amd64 root=UUID=09b6bb7f-893c-408c-a5c0-d5a97a6e9296 ro quiet splash
2024-12-18T00:43:18.749827+01:00 kpepe systemd[1]: Mounted proc-sys-fs-binfmt_misc.mount - Arbitrary Executable File Formats File System.
2024-12-18T00:43:18.749836+01:00 kpepe kernel: [Firmware Info]: CPU: Re-enabling disabled Topology Extensions Support.
2024-12-18T00:43:18.749841+01:00 kpepe kernel: BIOS-provided physical RAM map:
2024-12-18T00:43:18.749845+01:00 kpepe kernel: BIOS-e820: [mem 0x0000000000000000-0x000000000009ebff] usable
2024-12-18T00:43:18.749852+01:00 kpepe kernel: BIOS-e820: [mem 0x000000000009ec00-0x000000000009ffff] reserved
2024-12-18T00:43:18.749841+01:00 kpepe systemd-udevd[422]: Using default interface naming scheme 'v255'.
2024-12-18T00:43:18.749855+01:00 kpepe kernel: BIOS-e820: [mem 0x00000000000e0000-0x00000000000fffff] reserved
2024-12-18T00:43:18.749865+01:00 kpepe kernel: BIOS-e820: [mem 0x0000000000100000-0x000000008d9d2fff] usable
2024-12-18T00:43:18.749863+01:00 kpepe systemd[1]: Received SIGRTMIN+20 from PID 279 (plymouthd).
2024-12-18T00:43:18.749869+01:00 kpepe kernel: BIOS-e820: [mem 0x000000008d9d3000-0x000000008e8cefff] reserved
2024-12-18T00:43:18.749872+01:00 kpepe kernel: BIOS-e820: [mem 0x000000008e8cf000-0x000000008efcefff] ACPI NVS
2024-12-18T00:43:18.749876+01:00 kpepe kernel: BIOS-e820: [mem 0x000000008efcf000-0x000000008effefff] ACPI data
2024-12-18T00:43:18.749879+01:00 kpepe kernel: BIOS-e820: [mem 0x000000008efff000-0x000000008effffff] usable
2024-12-18T00:43:18.749903+01:00 kpepe kernel: BIOS-e820: [mem 0x00000000e0000000-0x00000000efffffff] reserved
2024-12-18T00:43:18.749907+01:00 kpepe kernel: BIOS-e820: [mem 0x00000000fec00000-0x00000000fec00fff] reserved
2024-12-18T00:43:18.749876+01:00 kpepe systemd[1]: Finished plymouth-read-write.service - Tell Plymouth To Write Out Runtime Data.
2024-12-18T00:43:18.749918+01:00 kpepe kernel: BIOS-e820: [mem 0x00000000fec10000-0x00000000fec10fff] reserved
2024-12-18T00:43:18.749923+01:00 kpepe kernel: BIOS-e820: [mem 0x00000000fed80000-0x00000000fed80fff] reserved
2024-12-18T00:43:18.749927+01:00 kpepe kernel: BIOS-e820: [mem 0x00000000fee00000-0x00000000fee00fff] reserved
2024-12-18T00:43:18.749921+01:00 kpepe systemd[1]: Finished ufw.service - Uncomplicated firewall.
2024-12-18T00:43:18.749930+01:00 kpepe kernel: BIOS-e820: [mem 0x00000000ff800000-0x00000000ffffffff] reserved
2024-12-18T00:43:18.749933+01:00 kpepe kernel: BIOS-e820: [mem 0x0000000100000000-0x000000023effffff] usable
2024-12-18T00:43:18.749936+01:00 kpepe kernel: NX (Execute Disable) protection: active
2024-12-18T00:43:18.749934+01:00 kpepe systemd[1]: Reached target network-pre.target - Preparation for Network.
2024-12-18T00:43:18.749946+01:00 kpepe kernel: APIC: Static calls initialized
2024-12-18T00:43:18.749951+01:00 kpepe kernel: SMBIOS 2.7 present.
2024-12-18T00:43:18.749966+01:00 kpepe kernel: DMI: Hewlett-Packard HP mt41/2155, BIOS L85 Ver. 01.02 02/20/2014
2024-12-18T00:43:18.749970+01:00 kpepe kernel: tsc: Fast TSC calibration using PIT
2024-12-18T00:43:18.749973+01:00 kpepe kernel: tsc: Detected 2495.335 MHz processor
2024-12-18T00:43:18.749948+01:00 kpepe systemd[1]: Starting networking.service - Raise network interfaces...
2024-12-18T00:43:18.749976+01:00 kpepe kernel: e820: update [mem 0x00000000-0x00000fff] usable ==> reserved
2024-12-18T00:43:18.749995+01:00 kpepe kernel: e820: remove [mem 0x000a0000-0x000fffff] usable
2024-12-18T00:43:18.749988+01:00 kpepe systemd[1]: Finished systemd-binfmt.service - Set Up Additional Binary Formats.
2024-12-18T00:43:18.750000+01:00 kpepe kernel: last_pfn = 0x23f000 max_arch_pfn = 0x400000000
2024-12-18T00:43:18.750007+01:00 kpepe kernel: MTRR map: 7 entries (4 fixed + 3 variable; max 21), built from 9 variable MTRRs
2024-12-18T00:43:18.750011+01:00 kpepe kernel: x86/PAT: Configuration [0-7]: WB  WC  UC- UC  WB  WP  UC- WT  
2024-12-18T00:43:18.750014+01:00 kpepe kernel: last_pfn = 0x8f000 max_arch_pfn = 0x400000000
2024-12-18T00:43:18.750010+01:00 kpepe systemd[1]: Starting binfmt-support.service - Enable support for additional executable binary formats...
2024-12-18T00:43:18.750018+01:00 kpepe kernel: Using GB pages for direct mapping
2024-12-18T00:43:18.750022+01:00 kpepe kernel: RAMDISK: [mem 0x2eb85000-0x335b9fff]
2024-12-18T00:43:18.750024+01:00 kpepe systemd[1]: Finished binfmt-support.service - Enable support for additional executable binary formats.
2024-12-18T00:43:18.750032+01:00 kpepe kernel: ACPI: Early table checksum verification disabled
2024-12-18T00:43:18.750036+01:00 kpepe kernel: ACPI: RSDP 0x00000000000F2FB0 000024 (v02 HPQOEM)
2024-12-18T00:43:18.750039+01:00 kpepe kernel: ACPI: XSDT 0x000000008EFFE120 000074 (v01 HPQOEM SLIC-MPC 00000003      01000013)
2024-12-18T00:43:18.750043+01:00 kpepe kernel: ACPI: FACP 0x000000008EFFC000 00010C (v05 HPQOEM 2155     00000003 HP   00000001)
2024-12-18T00:43:18.750038+01:00 kpepe systemd[1]: Started systemd-udevd.service - Rule-based Manager for Device Events and Files.
2024-12-18T00:43:18.750047+01:00 kpepe kernel: ACPI: DSDT 0x000000008EFD7000 02001C (v01 HPQOEM 2155     00000001 INTL 20110112)
2024-12-18T00:43:18.750051+01:00 kpepe kernel: ACPI: FACS 0x000000008E884000 000040
2024-12-18T00:43:18.750053+01:00 kpepe systemd[1]: Starting plymouth-start.service - Show Plymouth Boot Screen...
2024-12-18T00:43:18.750061+01:00 kpepe kernel: ACPI: FACS 0x000000008E884000 000040
2024-12-18T00:43:18.750065+01:00 kpepe kernel: ACPI: HPET 0x000000008EFFB000 000038 (v01 HPQOEM 2155     00000001 HP   00000001)
2024-12-18T00:43:18.750069+01:00 kpepe kernel: ACPI: APIC 0x000000008EFFA000 000084 (v01 HPQOEM 2155     00000001 HP   00000001)
2024-12-18T00:43:18.750067+01:00 kpepe systemd[1]: Created slice system-systemd\x2dbacklight.slice - Slice /system/systemd-backlight.
2024-12-18T00:43:18.750073+01:00 kpepe kernel: ACPI: MCFG 0x000000008EFF9000 00003C (v01 HPQOEM 2155     00000001 HP   00000001)
2024-12-18T00:43:18.750078+01:00 kpepe kernel: ACPI: TCPA 0x000000008EFF8000 000032 (v02 HPQOEM 2155     00000000 HP   00000001)
2024-12-18T00:43:18.750082+01:00 kpepe kernel: ACPI: SLIC 0x000000008EFD5000 000176 (v01 HPQOEM SLIC-MPC 00000001 HP   00000001)
2024-12-18T00:43:18.750085+01:00 kpepe kernel: ACPI: FPDT 0x000000008EFD3000 000044 (v01 HPQOEM 2155     00000001 HP   00000001)
2024-12-18T00:43:18.750081+01:00 kpepe systemd[1]: Starting systemd-backlight@backlight:radeon_bl0.service - Load/Save Screen Backlight Brightness of backlight:radeon_bl0...
2024-12-18T00:43:18.750096+01:00 kpepe kernel: ACPI: BGRT 0x000000008EFD2000 000038 (v00 HPQOEM 2155     00000001 HP   00000001)
2024-12-18T00:43:18.750100+01:00 kpepe kernel: ACPI: SSDT 0x000000008EFD1000 0005E0 (v01 AMD    PUMORI   00000001 AMD  00000001)
2024-12-18T00:43:18.750104+01:00 kpepe kernel: ACPI: SSDT 0x000000008EFCF000 001F6E (v02 AMD    PUMORI   00000001 MSFT 04000000)
2024-12-18T00:43:18.750108+01:00 kpepe kernel: ACPI: Reserving FACP table memory at [mem 0x8effc000-0x8effc10b]
2024-12-18T00:43:18.750102+01:00 kpepe systemd[1]: Finished systemd-backlight@backlight:radeon_bl0.service - Load/Save Screen Backlight Brightness of backlight:radeon_bl0.
2024-12-18T00:43:18.750112+01:00 kpepe kernel: ACPI: Reserving DSDT table memory at [mem 0x8efd7000-0x8eff701b]
2024-12-18T00:43:18.750117+01:00 kpepe kernel: ACPI: Reserving FACS table memory at [mem 0x8e884000-0x8e88403f]
2024-12-18T00:43:18.750118+01:00 kpepe systemd[1]: Started plymouth-start.service - Show Plymouth Boot Screen.
2024-12-18T00:43:18.750126+01:00 kpepe kernel: ACPI: Reserving FACS table memory at [mem 0x8e884000-0x8e88403f]
2024-12-18T00:43:18.750131+01:00 kpepe kernel: ACPI: Reserving HPET table memory at [mem 0x8effb000-0x8effb037]
2024-12-18T00:43:18.750134+01:00 kpepe kernel: ACPI: Reserving APIC table memory at [mem 0x8effa000-0x8effa083]
2024-12-18T00:43:18.750137+01:00 kpepe kernel: ACPI: Reserving MCFG table memory at [mem 0x8eff9000-0x8eff903b]
2024-12-18T00:43:18.750133+01:00 kpepe systemd[1]: systemd-ask-password-console.path - Dispatch Password Requests to Console Directory Watch was skipped because of an unmet condition check (ConditionPathExists=!/run/plymouth/pid).
2024-12-18T00:43:18.750141+01:00 kpepe kernel: ACPI: Reserving TCPA table memory at [mem 0x8eff8000-0x8eff8031]
2024-12-18T00:43:18.750147+01:00 kpepe kernel: ACPI: Reserving SLIC table memory at [mem 0x8efd5000-0x8efd5175]
2024-12-18T00:43:18.750150+01:00 kpepe systemd[1]: Started systemd-ask-password-plymouth.path - Forward Password Requests to Plymouth Directory Watch.
2024-12-18T00:43:18.750157+01:00 kpepe kernel: ACPI: Reserving FPDT table memory at [mem 0x8efd3000-0x8efd3043]
2024-12-18T00:43:18.750163+01:00 kpepe kernel: ACPI: Reserving BGRT table memory at [mem 0x8efd2000-0x8efd2037]
2024-12-18T00:43:18.750167+01:00 kpepe kernel: ACPI: Reserving SSDT table memory at [mem 0x8efd1000-0x8efd15df]
2024-12-18T00:43:18.750171+01:00 kpepe kernel: ACPI: Reserving SSDT table memory at [mem 0x8efcf000-0x8efd0f6d]
2024-12-18T00:43:18.750176+01:00 kpepe kernel: No NUMA configuration found
2024-12-18T00:43:18.750166+01:00 kpepe systemd[1]: Reached target cryptsetup.target - Local Encrypted Volumes.
2024-12-18T00:43:18.750179+01:00 kpepe kernel: Faking a node at [mem 0x0000000000000000-0x000000023effffff]
2024-12-18T00:43:18.750183+01:00 kpepe kernel: NODE_DATA(0) allocated [mem 0x23efd5000-0x23effffff]
2024-12-18T00:43:18.750185+01:00 kpepe systemd[1]: Reached target paths.target - Path Units.
2024-12-18T00:43:18.750193+01:00 kpepe kernel: Zone ranges:
2024-12-18T00:43:18.750199+01:00 kpepe kernel:   DMA      [mem 0x0000000000001000-0x0000000000ffffff]
2024-12-18T00:43:18.750203+01:00 kpepe kernel:   DMA32    [mem 0x0000000001000000-0x00000000ffffffff]
2024-12-18T00:43:18.750206+01:00 kpepe kernel:   Normal   [mem 0x0000000100000000-0x000000023effffff]
2024-12-18T00:43:18.750202+01:00 kpepe systemd[1]: Listening on systemd-rfkill.socket - Load/Save RF Kill Switch Status /dev/rfkill Watch.
2024-12-18T00:43:18.750210+01:00 kpepe kernel:   Device   empty
2024-12-18T00:43:18.750214+01:00 kpepe kernel: Movable zone start for each node
2024-12-18T00:43:18.750215+01:00 kpepe systemd[1]: Reached target sound.target - Sound Card.
2024-12-18T00:43:18.750224+01:00 kpepe kernel: Early memory node ranges
2024-12-18T00:43:18.750227+01:00 kpepe kernel:   node   0: [mem 0x0000000000001000-0x000000000009dfff]
2024-12-18T00:43:18.750231+01:00 kpepe kernel:   node   0: [mem 0x0000000000100000-0x000000008d9d2fff]
2024-12-18T00:43:18.750230+01:00 kpepe systemd[1]: Starting systemd-rfkill.service - Load/Save RF Kill Switch Status...
2024-12-18T00:43:18.750234+01:00 kpepe kernel:   node   0: [mem 0x000000008efff000-0x000000008effffff]
2024-12-18T00:43:18.750242+01:00 kpepe kernel:   node   0: [mem 0x0000000100000000-0x000000023effffff]
2024-12-18T00:43:18.750245+01:00 kpepe kernel: Initmem setup node 0 [mem 0x0000000000001000-0x000000023effffff]
2024-12-18T00:43:18.750249+01:00 kpepe kernel: On node 0, zone DMA: 1 pages in unavailable ranges
2024-12-18T00:43:18.750245+01:00 kpepe systemd[1]: Reached target bluetooth.target - Bluetooth Support.
2024-12-18T00:43:18.750259+01:00 kpepe kernel: On node 0, zone DMA: 98 pages in unavailable ranges
2024-12-18T00:43:18.750264+01:00 kpepe kernel: On node 0, zone DMA32: 5676 pages in unavailable ranges
2024-12-18T00:43:18.750268+01:00 kpepe kernel: On node 0, zone Normal: 4096 pages in unavailable ranges
2024-12-18T00:43:18.750258+01:00 kpepe systemd[1]: Started systemd-rfkill.service - Load/Save RF Kill Switch Status.
2024-12-18T00:43:18.750272+01:00 kpepe kernel: On node 0, zone Normal: 4096 pages in unavailable ranges
2024-12-18T00:43:18.750275+01:00 kpepe kernel: ACPI: PM-Timer IO Port: 0x408
2024-12-18T00:43:18.750278+01:00 kpepe kernel: ACPI: LAPIC_NMI (acpi_id[0x01] high edge lint[0x1])
2024-12-18T00:43:18.750278+01:00 kpepe systemd[1]: Finished systemd-journal-flush.service - Flush Journal to Persistent Storage.
2024-12-18T00:43:18.750288+01:00 kpepe kernel: ACPI: LAPIC_NMI (acpi_id[0x02] high edge lint[0x1])
2024-12-18T00:43:18.750293+01:00 kpepe kernel: ACPI: LAPIC_NMI (acpi_id[0x03] high edge lint[0x1])
2024-12-18T00:43:18.750293+01:00 kpepe systemd[1]: Starting systemd-tmpfiles-setup.service - Create Volatile Files and Directories...
2024-12-18T00:43:18.750296+01:00 kpepe kernel: ACPI: LAPIC_NMI (acpi_id[0x04] high edge lint[0x1])
2024-12-18T00:43:18.750314+01:00 kpepe systemd[1]: Found device dev-disk-by\x2duuid-e1a096a2\x2d1f63\x2d4cd4\x2db258\x2d2c8bbbda6eb1.device - HGST_HTS545032A7E380 5.
2024-12-18T00:43:18.750322+01:00 kpepe kernel: IOAPIC[0]: apic_id 4, version 33, address 0xfec00000, GSI 0-23
2024-12-18T00:43:18.750326+01:00 kpepe kernel: ACPI: INT_SRC_OVR (bus 0 bus_irq 0 global_irq 2 dfl dfl)
2024-12-18T00:43:18.750329+01:00 kpepe kernel: ACPI: INT_SRC_OVR (bus 0 bus_irq 9 global_irq 9 low level)
2024-12-18T00:43:18.750327+01:00 kpepe systemd[1]: Activating swap dev-disk-by\x2duuid-e1a096a2\x2d1f63\x2d4cd4\x2db258\x2d2c8bbbda6eb1.swap - /dev/disk/by-uuid/e1a096a2-1f63-4cd4-b258-2c8bbbda6eb1...
2024-12-18T00:43:18.750339+01:00 kpepe kernel: ACPI: Using ACPI (MADT) for SMP configuration information
2024-12-18T00:43:18.750344+01:00 kpepe kernel: ACPI: HPET id: 0x43538301 base: 0xfed00000
2024-12-18T00:43:18.750348+01:00 kpepe kernel: smpboot: Allowing 4 CPUs, 2 hotplug CPUs
2024-12-18T00:43:18.750352+01:00 kpepe kernel: PM: hibernation: Registered nosave memory: [mem 0x00000000-0x00000fff]
2024-12-18T00:43:18.750355+01:00 kpepe kernel: PM: hibernation: Registered nosave memory: [mem 0x0009e000-0x0009efff]
2024-12-18T00:43:18.750358+01:00 kpepe kernel: PM: hibernation: Registered nosave memory: [mem 0x0009f000-0x0009ffff]
2024-12-18T00:43:18.750342+01:00 kpepe systemd[1]: Activated swap dev-disk-by\x2duuid-e1a096a2\x2d1f63\x2d4cd4\x2db258\x2d2c8bbbda6eb1.swap - /dev/disk/by-uuid/e1a096a2-1f63-4cd4-b258-2c8bbbda6eb1.
2024-12-18T00:43:18.750361+01:00 kpepe kernel: PM: hibernation: Registered nosave memory: [mem 0x000a0000-0x000dffff]
2024-12-18T00:43:18.750370+01:00 kpepe kernel: PM: hibernation: Registered nosave memory: [mem 0x000e0000-0x000fffff]
2024-12-18T00:43:18.750369+01:00 kpepe systemd[1]: Reached target swap.target - Swaps.
2024-12-18T00:43:18.750375+01:00 kpepe kernel: PM: hibernation: Registered nosave memory: [mem 0x8d9d3000-0x8e8cefff]
2024-12-18T00:43:18.750380+01:00 kpepe kernel: PM: hibernation: Registered nosave memory: [mem 0x8e8cf000-0x8efcefff]
2024-12-18T00:43:18.750384+01:00 kpepe kernel: PM: hibernation: Registered nosave memory: [mem 0x8efcf000-0x8effefff]
2024-12-18T00:43:18.750387+01:00 kpepe kernel: PM: hibernation: Registered nosave memory: [mem 0x8f000000-0xdfffffff]
2024-12-18T00:43:18.750383+01:00 kpepe systemd[1]: Finished systemd-tmpfiles-setup.service - Create Volatile Files and Directories.
2024-12-18T00:43:18.750393+01:00 kpepe kernel: PM: hibernation: Registered nosave memory: [mem 0xe0000000-0xefffffff]
2024-12-18T00:43:18.750399+01:00 kpepe systemd[1]: Mounting run-rpc_pipefs.mount - RPC Pipe File System...
2024-12-18T00:43:18.750413+01:00 kpepe systemd[1]: Started haveged.service - Entropy Daemon based on the HAVEGE algorithm.
2024-12-18T00:43:18.750426+01:00 kpepe systemd[1]: systemd-firstboot.service - First Boot Wizard was skipped because of an unmet condition check (ConditionFirstBoot=yes).
2024-12-18T00:43:18.750438+01:00 kpepe systemd[1]: first-boot-complete.target - First Boot Complete was skipped because of an unmet condition check (ConditionFirstBoot=yes).
2024-12-18T00:43:18.750458+01:00 kpepe systemd[1]: systemd-journal-catalog-update.service - Rebuild Journal Catalog was skipped because of an unmet condition check (ConditionNeedsUpdate=/var).
2024-12-18T00:43:18.750471+01:00 kpepe systemd[1]: systemd-machine-id-commit.service - Commit a transient machine-id on disk was skipped because of an unmet condition check (ConditionPathIsMountPoint=/etc/machine-id).
2024-12-18T00:43:18.750483+01:00 kpepe systemd[1]: Starting systemd-timesyncd.service - Network Time Synchronization...
2024-12-18T00:43:18.750495+01:00 kpepe systemd[1]: systemd-update-done.service - Update is Completed was skipped because no trigger condition checks were met.
2024-12-18T00:43:18.750507+01:00 kpepe systemd[1]: Starting systemd-update-utmp.service - Record System Boot/Shutdown in UTMP...
2024-12-18T00:43:18.750527+01:00 kpepe (haveged)[711]: haveged.service: Referenced but unset environment variable evaluates to an empty string: DAEMON_ARGS
2024-12-18T00:43:18.750539+01:00 kpepe systemd[1]: Finished systemd-update-utmp.service - Record System Boot/Shutdown in UTMP.
2024-12-18T00:43:18.750551+01:00 kpepe haveged[711]: haveged: command socket is listening at fd 3
2024-12-18T00:43:18.750564+01:00 kpepe systemd[1]: Started systemd-timesyncd.service - Network Time Synchronization.
2024-12-18T00:43:18.750570+01:00 kpepe kernel: PM: hibernation: Registered nosave memory: [mem 0xf0000000-0xfebfffff]
2024-12-18T00:43:18.750578+01:00 kpepe kernel: PM: hibernation: Registered nosave memory: [mem 0xfec00000-0xfec00fff]
2024-12-18T00:43:18.750582+01:00 kpepe kernel: PM: hibernation: Registered nosave memory: [mem 0xfec01000-0xfec0ffff]
2024-12-18T00:43:18.750581+01:00 kpepe systemd[1]: Reached target sysinit.target - System Initialization.
2024-12-18T00:43:18.750586+01:00 kpepe kernel: PM: hibernation: Registered nosave memory: [mem 0xfec10000-0xfec10fff]
2024-12-18T00:43:18.750593+01:00 kpepe kernel: PM: hibernation: Registered nosave memory: [mem 0xfec11000-0xfed7ffff]
2024-12-18T00:43:18.750596+01:00 kpepe kernel: PM: hibernation: Registered nosave memory: [mem 0xfed80000-0xfed80fff]
2024-12-18T00:43:18.750600+01:00 kpepe kernel: PM: hibernation: Registered nosave memory: [mem 0xfed81000-0xfedfffff]
2024-12-18T00:43:18.750596+01:00 kpepe systemd[1]: Started systemd-tmpfiles-clean.timer - Daily Cleanup of Temporary Directories.
2024-12-18T00:43:18.750613+01:00 kpepe kernel: PM: hibernation: Registered nosave memory: [mem 0xfee00000-0xfee00fff]
2024-12-18T00:43:18.750618+01:00 kpepe kernel: PM: hibernation: Registered nosave memory: [mem 0xfee01000-0xff7fffff]
2024-12-18T00:43:18.750617+01:00 kpepe systemd[1]: Reached target time-set.target - System Time Set.
2024-12-18T00:43:18.750621+01:00 kpepe kernel: PM: hibernation: Registered nosave memory: [mem 0xff800000-0xffffffff]
2024-12-18T00:43:18.750629+01:00 kpepe kernel: [mem 0x8f000000-0xdfffffff] available for PCI devices
2024-12-18T00:43:18.750633+01:00 kpepe kernel: Booting paravirtualized kernel on bare hardware
2024-12-18T00:43:18.750632+01:00 kpepe systemd[1]: Started apt-daily.timer - Daily apt download activities.
2024-12-18T00:43:18.750636+01:00 kpepe kernel: clocksource: refined-jiffies: mask: 0xffffffff max_cycles: 0xffffffff, max_idle_ns: 7645519600211568 ns
2024-12-18T00:43:18.750648+01:00 kpepe kernel: setup_percpu: NR_CPUS:8192 nr_cpumask_bits:4 nr_cpu_ids:4 nr_node_ids:1
2024-12-18T00:43:18.750646+01:00 kpepe systemd[1]: Started apt-daily-upgrade.timer - Daily apt upgrade and clean activities.
2024-12-18T00:43:18.750653+01:00 kpepe kernel: percpu: Embedded 63 pages/cpu s221184 r8192 d28672 u524288
2024-12-18T00:43:18.750656+01:00 kpepe kernel: pcpu-alloc: s221184 r8192 d28672 u524288 alloc=1*2097152
2024-12-18T00:43:18.750659+01:00 kpepe kernel: pcpu-alloc: [0] 0 1 2 3 
2024-12-18T00:43:18.750659+01:00 kpepe systemd[1]: Started dpkg-db-backup.timer - Daily dpkg database backup timer.
2024-12-18T00:43:18.750663+01:00 kpepe kernel: Kernel command line: BOOT_IMAGE=/boot/vmlinuz-6.6.9-amd64 root=UUID=09b6bb7f-893c-408c-a5c0-d5a97a6e9296 ro quiet splash
2024-12-18T00:43:18.750670+01:00 kpepe kernel: Unknown kernel command line parameters "splash BOOT_IMAGE=/boot/vmlinuz-6.6.9-amd64", will be passed to user space.
2024-12-18T00:43:18.750673+01:00 kpepe systemd[1]: Started e2scrub_all.timer - Periodic ext4 Online Metadata Check for All Filesystems.
2024-12-18T00:43:18.750684+01:00 kpepe kernel: Dentry cache hash table entries: 1048576 (order: 11, 8388608 bytes, linear)
2024-12-18T00:43:18.750689+01:00 kpepe kernel: Inode-cache hash table entries: 524288 (order: 10, 4194304 bytes, linear)
2024-12-18T00:43:18.750693+01:00 kpepe kernel: Fallback order for Node 0: 0 
2024-12-18T00:43:18.750698+01:00 kpepe kernel: Built 1 zonelists, mobility grouping on.  Total pages: 1856940
2024-12-18T00:43:18.750688+01:00 kpepe systemd[1]: Started fstrim.timer - Discard unused filesystem blocks once a week.
2024-12-18T00:43:18.750701+01:00 kpepe kernel: Policy zone: Normal
2024-12-18T00:43:18.750705+01:00 kpepe kernel: mem auto-init: stack:all(zero), heap alloc:on, heap free:off
2024-12-18T00:43:18.750706+01:00 kpepe systemd[1]: Started logrotate.timer - Daily rotation of log files.
2024-12-18T00:43:18.750714+01:00 kpepe kernel: software IO TLB: area num 4.
2024-12-18T00:43:18.750719+01:00 kpepe kernel: Memory: 2308472K/7546308K available (16384K kernel code, 2363K rwdata, 10544K rodata, 3960K init, 3628K bss, 318344K reserved, 0K cma-reserved)
2024-12-18T00:43:18.750722+01:00 kpepe kernel: SLUB: HWalign=64, Order=0-3, MinObjects=0, CPUs=4, Nodes=1
2024-12-18T00:43:18.750726+01:00 kpepe kernel: ftrace: allocating 43067 entries in 169 pages
2024-12-18T00:43:18.750721+01:00 kpepe systemd[1]: Started man-db.timer - Daily man-db regeneration.
2024-12-18T00:43:18.750730+01:00 kpepe kernel: ftrace: allocated 169 pages with 4 groups
2024-12-18T00:43:18.750733+01:00 kpepe kernel: Dynamic Preempt: voluntary
2024-12-18T00:43:18.750735+01:00 kpepe systemd[1]: Started phpsessionclean.timer - Clean PHP session files every 30 mins.
2024-12-18T00:43:18.750743+01:00 kpepe kernel: rcu: Preemptible hierarchical RCU implementation.
2024-12-18T00:43:18.750749+01:00 kpepe kernel: rcu: 	RCU restricting CPUs from NR_CPUS=8192 to nr_cpu_ids=4.
2024-12-18T00:43:18.750752+01:00 kpepe kernel: 	Trampoline variant of Tasks RCU enabled.
2024-12-18T00:43:18.750756+01:00 kpepe kernel: 	Rude variant of Tasks RCU enabled.
2024-12-18T00:43:18.750751+01:00 kpepe systemd[1]: Started plocate-updatedb.timer - Update the plocate database daily.
2024-12-18T00:43:18.750760+01:00 kpepe kernel: 	Tracing variant of Tasks RCU enabled.
2024-12-18T00:43:18.750764+01:00 kpepe kernel: rcu: RCU calculated value of scheduler-enlistment delay is 25 jiffies.
2024-12-18T00:43:18.750767+01:00 kpepe kernel: rcu: Adjusting geometry for rcu_fanout_leaf=16, nr_cpu_ids=4
2024-12-18T00:43:18.750765+01:00 kpepe systemd[1]: Reached target timers.target - Timer Units.
2024-12-18T00:43:18.750778+01:00 kpepe kernel: NR_IRQS: 524544, nr_irqs: 456, preallocated irqs: 16
2024-12-18T00:43:18.750783+01:00 kpepe kernel: rcu: srcu_init: Setting srcu_struct sizes based on contention.
2024-12-18T00:43:18.750794+01:00 kpepe kernel: spurious 8259A interrupt: IRQ7.
2024-12-18T00:43:18.750798+01:00 kpepe kernel: Console: colour VGA+ 80x25
2024-12-18T00:43:18.750801+01:00 kpepe kernel: printk: console [tty0] enabled
2024-12-18T00:43:18.750804+01:00 kpepe kernel: ACPI: Core revision 20230628
2024-12-18T00:43:18.750780+01:00 kpepe systemd[1]: Listening on dbus.socket - D-Bus System Message Bus Socket.
2024-12-18T00:43:18.750815+01:00 kpepe kernel: clocksource: hpet: mask: 0xffffffff max_cycles: 0xffffffff, max_idle_ns: 133484873504 ns
2024-12-18T00:43:18.750819+01:00 kpepe kernel: APIC: Switch to symmetric I/O mode setup
2024-12-18T00:43:18.750819+01:00 kpepe systemd[1]: Reached target sockets.target - Socket Units.
2024-12-18T00:43:18.750823+01:00 kpepe kernel: ..TIMER: vector=0x30 apic1=0 pin1=2 apic2=-1 pin2=-1
2024-12-18T00:43:18.750831+01:00 kpepe kernel: clocksource: tsc-early: mask: 0xffffffffffffffff max_cycles: 0x23f8031522b, max_idle_ns: 440795271144 ns
2024-12-18T00:43:18.750835+01:00 kpepe kernel: Calibrating delay loop (skipped), value calculated using timer frequency.. 4990.67 BogoMIPS (lpj=9981340)
2024-12-18T00:43:18.750839+01:00 kpepe kernel: Last level iTLB entries: 4KB 512, 2MB 1024, 4MB 512
2024-12-18T00:43:18.750834+01:00 kpepe systemd[1]: systemd-pcrphase-sysinit.service - TPM2 PCR Barrier (Initialization) was skipped because of an unmet condition check (ConditionSecurity=measured-uki).
2024-12-18T00:43:18.750849+01:00 kpepe kernel: Last level dTLB entries: 4KB 1024, 2MB 1024, 4MB 512, 1GB 0
2024-12-18T00:43:18.750854+01:00 kpepe kernel: Spectre V1 : Mitigation: usercopy/swapgs barriers and __user pointer sanitization
2024-12-18T00:43:18.750864+01:00 kpepe kernel: Spectre V2 : Mitigation: Retpolines
2024-12-18T00:43:18.750868+01:00 kpepe kernel: Spectre V2 : Spectre v2 / SpectreRSB mitigation: Filling RSB on context switch
2024-12-18T00:43:18.750877+01:00 kpepe kernel: Spectre V2 : Spectre v2 / SpectreRSB : Filling RSB on VMEXIT
2024-12-18T00:43:18.750881+01:00 kpepe kernel: RETBleed: Mitigation: untrained return thunk
2024-12-18T00:43:18.750850+01:00 kpepe systemd[1]: Reached target basic.target - Basic System.
2024-12-18T00:43:18.750887+01:00 kpepe kernel: Speculative Store Bypass: Mitigation: Speculative Store Bypass disabled via prctl
2024-12-18T00:43:18.750892+01:00 kpepe systemd[1]: Starting accounts-daemon.service - Accounts Service...
2024-12-18T00:43:18.750897+01:00 kpepe kernel: x86/fpu: Supporting XSAVE feature 0x001: 'x87 floating point registers'
2024-12-18T00:43:18.750914+01:00 kpepe systemd[1]: Starting dbus.service - D-Bus System Message Bus...
2024-12-18T00:43:18.750918+01:00 kpepe kernel: x86/fpu: Supporting XSAVE feature 0x002: 'SSE registers'
2024-12-18T00:43:18.750923+01:00 kpepe kernel: x86/fpu: Supporting XSAVE feature 0x004: 'AVX registers'
2024-12-18T00:43:18.750927+01:00 kpepe kernel: x86/fpu: xstate_offset[2]:  576, xstate_sizes[2]:  256
2024-12-18T00:43:18.750927+01:00 kpepe systemd[1]: Starting e2scrub_reap.service - Remove Stale Online ext4 Metadata Check Snapshots...
2024-12-18T00:43:18.750930+01:00 kpepe kernel: x86/fpu: Enabled xstate features 0x7, context size is 832 bytes, using 'standard' format.
2024-12-18T00:43:18.750952+01:00 kpepe kernel: Freeing SMP alternatives memory: 36K
2024-12-18T00:43:18.750963+01:00 kpepe kernel: pid_max: default: 32768 minimum: 301
2024-12-18T00:43:18.750955+01:00 kpepe systemd[1]: getty-static.service - getty on tty2-tty6 if dbus and logind are not available was skipped because of an unmet condition check (ConditionPathExists=!/usr/bin/dbus-daemon).
2024-12-18T00:43:18.750968+01:00 kpepe kernel: LSM: initializing lsm=lockdown,capability,landlock,yama,apparmor,tomoyo,bpf,integrity
2024-12-18T00:43:18.750972+01:00 kpepe kernel: landlock: Up and running.
2024-12-18T00:43:18.750976+01:00 kpepe kernel: Yama: disabled by default; enable with sysctl kernel.yama.*
2024-12-18T00:43:18.750973+01:00 kpepe systemd[1]: Starting polkit.service - Authorization Manager...
2024-12-18T00:43:18.750980+01:00 kpepe kernel: AppArmor: AppArmor initialized
2024-12-18T00:43:18.750983+01:00 kpepe kernel: TOMOYO Linux initialized
2024-12-18T00:43:18.750987+01:00 kpepe systemd[1]: regenerate-ssh-host-keys.service - Regenerate SSH host keys was skipped because of an unmet condition check (ConditionPathExistsGlob=!/etc/ssh/ssh_host_*_key).
2024-12-18T00:43:18.750993+01:00 kpepe kernel: LSM support for eBPF active
2024-12-18T00:43:18.751001+01:00 kpepe kernel: Mount-cache hash table entries: 16384 (order: 5, 131072 bytes, linear)
2024-12-18T00:43:18.751005+01:00 kpepe kernel: Mountpoint-cache hash table entries: 16384 (order: 5, 131072 bytes, linear)
2024-12-18T00:43:18.751004+01:00 kpepe systemd[1]: Starting rsyslog.service - System Logging Service...
2024-12-18T00:43:18.751008+01:00 kpepe kernel: smpboot: CPU0: AMD A4-4300M APU with Radeon(tm) HD Graphics (family: 0x15, model: 0x10, stepping: 0x1)
2024-12-18T00:43:18.751014+01:00 kpepe kernel: RCU Tasks: Setting shift to 2 and lim to 1 rcu_task_cb_adjust=1.
2024-12-18T00:43:18.751017+01:00 kpepe kernel: RCU Tasks Rude: Setting shift to 2 and lim to 1 rcu_task_cb_adjust=1.
2024-12-18T00:43:18.751021+01:00 kpepe kernel: RCU Tasks Trace: Setting shift to 2 and lim to 1 rcu_task_cb_adjust=1.
2024-12-18T00:43:18.751017+01:00 kpepe systemd[1]: Starting smartmontools.service - Self Monitoring and Reporting Technology (SMART) Daemon...
2024-12-18T00:43:18.751038+01:00 kpepe kernel: Performance Events: Fam15h core perfctr, AMD PMU driver.
2024-12-18T00:43:18.751044+01:00 kpepe kernel: ... version:                0
2024-12-18T00:43:18.751048+01:00 kpepe kernel: ... bit width:              48
2024-12-18T00:43:18.751052+01:00 kpepe kernel: ... generic registers:      6
2024-12-18T00:43:18.751058+01:00 kpepe kernel: ... value mask:             0000ffffffffffff
2024-12-18T00:43:18.751047+01:00 kpepe (smartd)[724]: smartmontools.service: Referenced but unset environment variable evaluates to an empty string: smartd_opts
2024-12-18T00:43:18.751062+01:00 kpepe kernel: ... max period:             00007fffffffffff
2024-12-18T00:43:18.751071+01:00 kpepe kernel: ... fixed-purpose events:   0
2024-12-18T00:43:18.751070+01:00 kpepe systemd[1]: Starting systemd-logind.service - User Login Management...
2024-12-18T00:43:18.751076+01:00 kpepe kernel: ... event mask:             000000000000003f
2024-12-18T00:43:18.751081+01:00 kpepe kernel: signal: max sigframe size: 1776
2024-12-18T00:43:18.751084+01:00 kpepe kernel: rcu: Hierarchical SRCU implementation.
2024-12-18T00:43:18.751084+01:00 kpepe haveged[711]: haveged: ver: 1.9.14; arch: x86; vend: ; build: (gcc 13.2.0 ITV); collect: 128K
2024-12-18T00:43:18.751087+01:00 kpepe kernel: rcu: 	Max phase no-delay instances is 1000.
2024-12-18T00:43:18.751107+01:00 kpepe kernel: NMI watchdog: Enabled. Permanently consumes one hw-PMU counter.
2024-12-18T00:43:18.751125+01:00 kpepe kernel: smp: Bringing up secondary CPUs ...
2024-12-18T00:43:18.751104+01:00 kpepe haveged[711]: haveged: cpu: (VC); data: 16K (D V); inst: 64K (V); idx: 39/40; sz: 54079/54079
2024-12-18T00:43:18.751128+01:00 kpepe kernel: smpboot: x86: Booting SMP configuration:
2024-12-18T00:43:18.751132+01:00 kpepe kernel: .... node  #0, CPUs:      #1
2024-12-18T00:43:18.751135+01:00 kpepe kernel: __common_interrupt: 1.55 No irq handler for vector
2024-12-18T00:43:18.751134+01:00 kpepe haveged[711]: haveged: tot tests(BA8): A:1/1 B:1/1 continuous tests(B):  last entropy estimate 7.99854
2024-12-18T00:43:18.751139+01:00 kpepe kernel: smp: Brought up 1 node, 2 CPUs
2024-12-18T00:43:18.751146+01:00 kpepe kernel: smpboot: Max logical packages: 2
2024-12-18T00:43:18.751150+01:00 kpepe kernel: smpboot: Total of 2 processors activated (9981.34 BogoMIPS)
2024-12-18T00:43:18.751149+01:00 kpepe haveged[711]: haveged: fills: 0, generated: 0
2024-12-18T00:43:18.751162+01:00 kpepe kernel: node 0 deferred pages initialised in 24ms
2024-12-18T00:43:18.751166+01:00 kpepe kernel: devtmpfs: initialized
2024-12-18T00:43:18.751169+01:00 kpepe kernel: x86/mm: Memory block size: 128MB
2024-12-18T00:43:18.751173+01:00 kpepe kernel: ACPI: PM: Registering ACPI NVS region [mem 0x8e8cf000-0x8efcefff] (7340032 bytes)
2024-12-18T00:43:18.751183+01:00 kpepe kernel: clocksource: jiffies: mask: 0xffffffff max_cycles: 0xffffffff, max_idle_ns: 7645041785100000 ns
2024-12-18T00:43:18.751187+01:00 kpepe kernel: futex hash table entries: 1024 (order: 4, 65536 bytes, linear)
2024-12-18T00:43:18.751169+01:00 kpepe systemd[1]: Mounted run-rpc_pipefs.mount - RPC Pipe File System.
2024-12-18T00:43:18.751196+01:00 kpepe systemd[1]: Reached target rpc_pipefs.target.
2024-12-18T00:43:18.751211+01:00 kpepe systemd[1]: Starting dpkg-db-backup.service - Daily dpkg database backup service...
2024-12-18T00:43:18.751215+01:00 kpepe kernel: pinctrl core: initialized pinctrl subsystem
2024-12-18T00:43:18.751228+01:00 kpepe systemd[1]: Starting phpsessionclean.service - Clean php session files...
2024-12-18T00:43:18.751235+01:00 kpepe kernel: NET: Registered PF_NETLINK/PF_ROUTE protocol family
2024-12-18T00:43:18.751238+01:00 kpepe kernel: DMA: preallocated 1024 KiB GFP_KERNEL pool for atomic allocations
2024-12-18T00:43:18.751242+01:00 kpepe kernel: DMA: preallocated 1024 KiB GFP_KERNEL|GFP_DMA pool for atomic allocations
2024-12-18T00:43:18.751245+01:00 kpepe kernel: DMA: preallocated 1024 KiB GFP_KERNEL|GFP_DMA32 pool for atomic allocations
2024-12-18T00:43:18.751241+01:00 kpepe systemd[1]: rpc-gssd.service - RPC security service for NFS client and server was skipped because of an unmet condition check (ConditionPathExists=/etc/krb5.keytab).
2024-12-18T00:43:18.751248+01:00 kpepe kernel: audit: initializing netlink subsys (disabled)
2024-12-18T00:43:18.751253+01:00 kpepe systemd[1]: Reached target nfs-client.target - NFS client services.
2024-12-18T00:43:18.751273+01:00 kpepe systemd[1]: Reached target remote-fs-pre.target - Preparation for Remote File Systems.
2024-12-18T00:43:18.751286+01:00 kpepe systemd[1]: Reached target remote-fs.target - Remote File Systems.
2024-12-18T00:43:18.751297+01:00 kpepe systemd[1]: Started cron.service - Regular background program processing daemon.
2024-12-18T00:43:18.751310+01:00 kpepe systemd[1]: systemd-pcrphase.service - TPM2 PCR Barrier (User) was skipped because of an unmet condition check (ConditionSecurity=measured-uki).
2024-12-18T00:43:18.751321+01:00 kpepe systemd[1]: Starting logrotate.service - Rotate log files...
2024-12-18T00:43:18.751396+01:00 kpepe kernel: audit: type=2000 audit(1734478959.200:1): state=initialized audit_enabled=0 res=1
2024-12-18T00:43:18.751414+01:00 kpepe kernel: thermal_sys: Registered thermal governor 'fair_share'
2024-12-18T00:43:18.751419+01:00 kpepe kernel: thermal_sys: Registered thermal governor 'bang_bang'
2024-12-18T00:43:18.751424+01:00 kpepe kernel: thermal_sys: Registered thermal governor 'step_wise'
2024-12-18T00:43:18.751429+01:00 kpepe kernel: thermal_sys: Registered thermal governor 'user_space'
2024-12-18T00:43:18.751417+01:00 kpepe systemd[1]: Started systemd-logind.service - User Login Management.
2024-12-18T00:43:18.751432+01:00 kpepe kernel: thermal_sys: Registered thermal governor 'power_allocator'
2024-12-18T00:43:18.751435+01:00 kpepe kernel: cpuidle: using governor ladder
2024-12-18T00:43:18.751438+01:00 kpepe cron[729]: (CRON) INFO (pidfile fd = 3)
2024-12-18T00:43:18.751455+01:00 kpepe kernel: cpuidle: using governor menu
2024-12-18T00:43:18.751453+01:00 kpepe cron[729]: (CRON) INFO (Running @reboot jobs)
2024-12-18T00:43:18.751461+01:00 kpepe kernel: ACPI FADT declares the system doesn't support PCIe ASPM, so disable it
2024-12-18T00:43:18.751465+01:00 kpepe kernel: acpiphp: ACPI Hot Plug PCI Controller Driver version: 0.5
2024-12-18T00:43:18.751468+01:00 kpepe kernel: PCI: MMCONFIG for domain 0000 [bus 00-ff] at [mem 0xe0000000-0xefffffff] (base 0xe0000000)
2024-12-18T00:43:18.751467+01:00 kpepe polkitd[722]: Started polkitd version 123
2024-12-18T00:43:18.751472+01:00 kpepe kernel: PCI: MMCONFIG at [mem 0xe0000000-0xefffffff] reserved as E820 entry
2024-12-18T00:43:18.751477+01:00 kpepe kernel: PCI: Using configuration type 1 for base access
2024-12-18T00:43:18.751480+01:00 kpepe systemd[1]: systemd-rfkill.service: Deactivated successfully.
2024-12-18T00:43:18.751494+01:00 kpepe kernel: kprobes: kprobe jump-optimization is enabled. All kprobes are optimized if possible.
2024-12-18T00:43:18.751499+01:00 kpepe kernel: HugeTLB: registered 1.00 GiB page size, pre-allocated 0 pages
2024-12-18T00:43:18.747881+01:00 kpepe rsyslogd: imuxsock: Acquired UNIX socket '/run/systemd/journal/syslog' (fd 3) from systemd.  [v8.2312.0]
2024-12-18T00:43:18.751502+01:00 kpepe kernel: HugeTLB: 16380 KiB vmemmap can be freed for a 1.00 GiB page
2024-12-18T00:43:18.751505+01:00 kpepe kernel: HugeTLB: registered 2.00 MiB page size, pre-allocated 0 pages
2024-12-18T00:43:18.751508+01:00 kpepe kernel: HugeTLB: 28 KiB vmemmap can be freed for a 2.00 MiB page
2024-12-18T00:43:18.751513+01:00 kpepe kernel: ACPI: Added _OSI(Module Device)
2024-12-18T00:43:18.751518+01:00 kpepe kernel: ACPI: Added _OSI(Processor Device)
2024-12-18T00:43:18.748113+01:00 kpepe rsyslogd: [origin software="rsyslogd" swVersion="8.2312.0" x-pid="723" x-info="https://www.rsyslog.com"] start
2024-12-18T00:43:18.748676+01:00 kpepe systemd[1]: Started rsyslog.service - System Logging Service.
2024-12-18T00:43:18.751533+01:00 kpepe kernel: ACPI: Added _OSI(3.0 _SCP Extensions)
2024-12-18T00:43:18.751541+01:00 kpepe kernel: ACPI: Added _OSI(Processor Aggregator Device)
2024-12-18T00:43:18.751545+01:00 kpepe kernel: ACPI: 3 ACPI AML tables successfully acquired and loaded
2024-12-18T00:43:18.751548+01:00 kpepe kernel: ACPI: _OSC evaluation for CPUs failed, trying _PDC
2024-12-18T00:43:18.751552+01:00 kpepe kernel: ACPI: EC: EC started
2024-12-18T00:43:18.751554+01:00 kpepe kernel: ACPI: EC: interrupt blocked
2024-12-18T00:43:18.751568+01:00 kpepe kernel: ACPI: EC: EC_CMD/EC_SC=0x66, EC_DATA=0x62
2024-12-18T00:43:18.751572+01:00 kpepe kernel: ACPI: \_SB_.PCI0.LPCB.EC0_: Boot DSDT EC used to handle transactions
2024-12-18T00:43:18.751574+01:00 kpepe kernel: ACPI: Interpreter enabled
2024-12-18T00:43:18.751576+01:00 kpepe kernel: ACPI: PM: (supports S0 S3 S4 S5)
2024-12-18T00:43:18.751578+01:00 kpepe kernel: ACPI: Using IOAPIC for interrupt routing
2024-12-18T00:43:18.751580+01:00 kpepe kernel: PCI: Using host bridge windows from ACPI; if necessary, use "pci=nocrs" and report a bug
2024-12-18T00:43:18.751583+01:00 kpepe kernel: PCI: Using E820 reservations for host bridge windows
2024-12-18T00:43:18.751595+01:00 kpepe kernel: ACPI: Enabled 8 GPEs in block 00 to 1F
2024-12-18T00:43:18.751598+01:00 kpepe kernel: ACPI: \_SB_.PCI0.HDEF.APPR: New power resource
2024-12-18T00:43:18.751601+01:00 kpepe kernel: ACPI: \_SB_.PCI0.LPCB.SIO_.COM1.COMP: New power resource
2024-12-18T00:43:18.751603+01:00 kpepe kernel: ACPI: \_SB_.PCI0.LPCB.SIO_.LPT0.LPP_: New power resource
2024-12-18T00:43:18.751605+01:00 kpepe kernel: ACPI BIOS Error (bug): Could not resolve symbol [\_SB.PCI0.SATA.ODDZ.ZPOD], AE_NOT_FOUND (20230628/psargs-330)
2024-12-18T00:43:18.751607+01:00 kpepe kernel: ACPI Error: Aborting method \_SB.PCI0.SATA.PRT1._STA due to previous error (AE_NOT_FOUND) (20230628/psparse-529)
2024-12-18T00:43:18.751619+01:00 kpepe kernel: ACPI: PCI Root Bridge [PCI0] (domain 0000 [bus 00-ff])
2024-12-18T00:43:18.751623+01:00 kpepe kernel: acpi PNP0A08:00: _OSC: OS supports [ExtendedConfig ASPM ClockPM Segments MSI HPX-Type3]
2024-12-18T00:43:18.751626+01:00 kpepe kernel: acpi PNP0A08:00: _OSC: platform does not support [SHPCHotplug LTR]
2024-12-18T00:43:18.751628+01:00 kpepe kernel: acpi PNP0A08:00: _OSC: OS now controls [PCIeHotplug PME AER PCIeCapability]
2024-12-18T00:43:18.751630+01:00 kpepe kernel: acpi PNP0A08:00: FADT indicates ASPM is unsupported, using BIOS configuration
2024-12-18T00:43:18.751632+01:00 kpepe kernel: acpi PNP0A08:00: ignoring host bridge window [mem 0x000cc000-0x000cffff window] (conflicts with Video ROM [mem 0x000c0000-0x000cf3ff])
2024-12-18T00:43:18.751645+01:00 kpepe kernel: acpi PNP0A08:00: ignoring host bridge window [mem 0x000d0000-0x000d3fff window] (conflicts with Adapter ROM [mem 0x000cf800-0x000d07ff])
2024-12-18T00:43:18.751649+01:00 kpepe kernel: PCI host bridge to bus 0000:00
2024-12-18T00:43:18.751651+01:00 kpepe kernel: pci_bus 0000:00: root bus resource [io  0x0000-0x0cf7 window]
2024-12-18T00:43:18.751653+01:00 kpepe kernel: pci_bus 0000:00: root bus resource [io  0x0d00-0xffff window]
2024-12-18T00:43:18.751655+01:00 kpepe kernel: pci_bus 0000:00: root bus resource [mem 0x000a0000-0x000bffff window]
2024-12-18T00:43:18.751658+01:00 kpepe kernel: pci_bus 0000:00: root bus resource [mem 0x000c0000-0x000cbfff window]
2024-12-18T00:43:18.751670+01:00 kpepe kernel: pci_bus 0000:00: root bus resource [mem 0x000d4000-0x000fffff window]
2024-12-18T00:43:18.751674+01:00 kpepe kernel: pci_bus 0000:00: root bus resource [mem 0xc0000000-0xdfffffff window]
2024-12-18T00:43:18.751676+01:00 kpepe kernel: pci_bus 0000:00: root bus resource [mem 0xf0000000-0xfffdffff window]
2024-12-18T00:43:18.751678+01:00 kpepe kernel: pci_bus 0000:00: root bus resource [bus 00-ff]
2024-12-18T00:43:18.751680+01:00 kpepe kernel: pci 0000:00:00.0: [1022:1410] type 00 class 0x060000
2024-12-18T00:43:18.751683+01:00 kpepe kernel: pci 0000:00:01.0: [1002:9992] type 00 class 0x030000
2024-12-18T00:43:18.751694+01:00 kpepe kernel: pci 0000:00:01.0: reg 0x10: [mem 0xc0000000-0xcfffffff pref]
2024-12-18T00:43:18.751698+01:00 kpepe kernel: pci 0000:00:01.0: reg 0x14: [io  0x5000-0x50ff]
2024-12-18T00:43:18.751700+01:00 kpepe kernel: pci 0000:00:01.0: reg 0x18: [mem 0xd6000000-0xd603ffff]
2024-12-18T00:43:18.751703+01:00 kpepe kernel: pci 0000:00:01.0: enabling Extended Tags
2024-12-18T00:43:18.751705+01:00 kpepe kernel: pci 0000:00:01.0: Video device with shadowed ROM at [mem 0x000c0000-0x000dffff]
2024-12-18T00:43:18.751707+01:00 kpepe kernel: pci 0000:00:01.0: supports D1 D2
2024-12-18T00:43:18.751709+01:00 kpepe kernel: pci 0000:00:01.1: [1002:9902] type 00 class 0x040300
2024-12-18T00:43:18.751721+01:00 kpepe kernel: pci 0000:00:01.1: reg 0x10: [mem 0xd6044000-0xd6047fff]
2024-12-18T00:43:18.751725+01:00 kpepe kernel: pci 0000:00:01.1: enabling Extended Tags
2024-12-18T00:43:18.751727+01:00 kpepe kernel: pci 0000:00:01.1: supports D1 D2
2024-12-18T00:43:18.751730+01:00 kpepe kernel: pci 0000:00:04.0: [1022:1414] type 01 class 0x060400
2024-12-18T00:43:18.751732+01:00 kpepe kernel: pci 0000:00:04.0: enabling Extended Tags
2024-12-18T00:43:18.751734+01:00 kpepe kernel: pci 0000:00:04.0: PME# supported from D0 D3hot D3cold
2024-12-18T00:43:18.751746+01:00 kpepe kernel: pci 0000:00:05.0: [1022:1415] type 01 class 0x060400
2024-12-18T00:43:18.751750+01:00 kpepe kernel: pci 0000:00:05.0: enabling Extended Tags
2024-12-18T00:43:18.751752+01:00 kpepe kernel: pci 0000:00:05.0: PME# supported from D0 D3hot D3cold
2024-12-18T00:43:18.751754+01:00 kpepe kernel: pci 0000:00:07.0: [1022:1417] type 01 class 0x060400
2024-12-18T00:43:18.751756+01:00 kpepe kernel: pci 0000:00:07.0: enabling Extended Tags
2024-12-18T00:43:18.751758+01:00 kpepe kernel: pci 0000:00:07.0: PME# supported from D0 D3hot D3cold
2024-12-18T00:43:18.751769+01:00 kpepe kernel: pci 0000:00:11.0: [1022:7801] type 00 class 0x010601
2024-12-18T00:43:18.751773+01:00 kpepe kernel: pci 0000:00:11.0: reg 0x10: [io  0x5118-0x511f]
2024-12-18T00:43:18.751775+01:00 kpepe kernel: pci 0000:00:11.0: reg 0x14: [io  0x5124-0x5127]
2024-12-18T00:43:18.751777+01:00 kpepe kernel: pci 0000:00:11.0: reg 0x18: [io  0x5110-0x5117]
2024-12-18T00:43:18.751779+01:00 kpepe kernel: pci 0000:00:11.0: reg 0x1c: [io  0x5120-0x5123]
2024-12-18T00:43:18.751781+01:00 kpepe kernel: pci 0000:00:11.0: reg 0x20: [io  0x5100-0x510f]
2024-12-18T00:43:18.751783+01:00 kpepe kernel: pci 0000:00:11.0: reg 0x24: [mem 0xd604f000-0xd604f7ff]
2024-12-18T00:43:18.751795+01:00 kpepe kernel: pci 0000:00:12.0: [1022:7807] type 00 class 0x0c0310
2024-12-18T00:43:18.751799+01:00 kpepe kernel: pci 0000:00:12.0: reg 0x10: [mem 0xd604e000-0xd604efff]
2024-12-18T00:43:18.751801+01:00 kpepe kernel: pci 0000:00:12.2: [1022:7808] type 00 class 0x0c0320
2024-12-18T00:43:18.751803+01:00 kpepe kernel: pci 0000:00:12.2: reg 0x10: [mem 0xd604d000-0xd604d0ff]
2024-12-18T00:43:18.751805+01:00 kpepe kernel: pci 0000:00:12.2: supports D1 D2
2024-12-18T00:43:18.751807+01:00 kpepe kernel: pci 0000:00:12.2: PME# supported from D0 D1 D2 D3hot D3cold
2024-12-18T00:43:18.751819+01:00 kpepe kernel: pci 0000:00:13.0: [1022:7807] type 00 class 0x0c0310
2024-12-18T00:43:18.751823+01:00 kpepe kernel: pci 0000:00:13.0: reg 0x10: [mem 0xd604c000-0xd604cfff]
2024-12-18T00:43:18.751825+01:00 kpepe kernel: pci 0000:00:13.2: [1022:7808] type 00 class 0x0c0320
2024-12-18T00:43:18.751827+01:00 kpepe kernel: pci 0000:00:13.2: reg 0x10: [mem 0xd604b000-0xd604b0ff]
2024-12-18T00:43:18.751829+01:00 kpepe kernel: pci 0000:00:13.2: supports D1 D2
2024-12-18T00:43:18.751831+01:00 kpepe kernel: pci 0000:00:13.2: PME# supported from D0 D1 D2 D3hot D3cold
2024-12-18T00:43:18.751833+01:00 kpepe kernel: pci 0000:00:14.0: [1022:780b] type 00 class 0x0c0500
2024-12-18T00:43:18.751845+01:00 kpepe kernel: pci 0000:00:14.2: [1022:780d] type 00 class 0x040300
2024-12-18T00:43:18.751849+01:00 kpepe kernel: pci 0000:00:14.2: reg 0x10: [mem 0xd6040000-0xd6043fff 64bit]
2024-12-18T00:43:18.751851+01:00 kpepe kernel: pci 0000:00:14.2: PME# supported from D0 D3hot D3cold
2024-12-18T00:43:18.751853+01:00 kpepe kernel: pci 0000:00:14.3: [1022:780e] type 00 class 0x060100
2024-12-18T00:43:18.751855+01:00 kpepe kernel: pci 0000:00:14.4: [1022:780f] type 01 class 0x060401
2024-12-18T00:43:18.751857+01:00 kpepe kernel: pci 0000:00:14.5: [1022:7809] type 00 class 0x0c0310
2024-12-18T00:43:18.751872+01:00 kpepe kernel: pci 0000:00:14.5: reg 0x10: [mem 0xd604a000-0xd604afff]
2024-12-18T00:43:18.751876+01:00 kpepe kernel: pci 0000:00:16.0: [1022:7807] type 00 class 0x0c0310
2024-12-18T00:43:18.751878+01:00 kpepe kernel: pci 0000:00:16.0: reg 0x10: [mem 0xd6049000-0xd6049fff]
2024-12-18T00:43:18.751880+01:00 kpepe kernel: pci 0000:00:16.2: [1022:7808] type 00 class 0x0c0320
2024-12-18T00:43:18.751882+01:00 kpepe kernel: pci 0000:00:16.2: reg 0x10: [mem 0xd6048000-0xd60480ff]
2024-12-18T00:43:18.751884+01:00 kpepe kernel: pci 0000:00:16.2: supports D1 D2
2024-12-18T00:43:18.751896+01:00 kpepe kernel: pci 0000:00:16.2: PME# supported from D0 D1 D2 D3hot D3cold
2024-12-18T00:43:18.752004+01:00 kpepe kernel: pci 0000:00:18.0: [1022:1400] type 00 class 0x060000
2024-12-18T00:43:18.752008+01:00 kpepe kernel: pci 0000:00:18.1: [1022:1401] type 00 class 0x060000
2024-12-18T00:43:18.752010+01:00 kpepe kernel: pci 0000:00:18.2: [1022:1402] type 00 class 0x060000
2024-12-18T00:43:18.752012+01:00 kpepe kernel: pci 0000:00:18.3: [1022:1403] type 00 class 0x060000
2024-12-18T00:43:18.752014+01:00 kpepe kernel: pci 0000:00:18.4: [1022:1404] type 00 class 0x060000
2024-12-18T00:43:18.752016+01:00 kpepe kernel: pci 0000:00:18.5: [1022:1405] type 00 class 0x060000
2024-12-18T00:43:18.752028+01:00 kpepe kernel: pci 0000:01:00.0: [10ec:8168] type 00 class 0x020000
2024-12-18T00:43:18.752032+01:00 kpepe kernel: pci 0000:01:00.0: reg 0x10: [io  0x4000-0x40ff]
2024-12-18T00:43:18.752034+01:00 kpepe kernel: pci 0000:01:00.0: reg 0x18: [mem 0xd5000000-0xd5000fff 64bit]
2024-12-18T00:43:18.752036+01:00 kpepe kernel: pci 0000:01:00.0: reg 0x20: [mem 0xd0000000-0xd0003fff 64bit pref]
2024-12-18T00:43:18.752039+01:00 kpepe kernel: pci 0000:01:00.0: supports D1 D2
2024-12-18T00:43:18.752041+01:00 kpepe kernel: pci 0000:01:00.0: PME# supported from D0 D1 D2 D3hot D3cold
2024-12-18T00:43:18.752053+01:00 kpepe kernel: pci 0000:00:04.0: PCI bridge to [bus 01]
2024-12-18T00:43:18.752057+01:00 kpepe kernel: pci 0000:00:04.0:   bridge window [io  0x4000-0x4fff]
2024-12-18T00:43:18.752059+01:00 kpepe kernel: pci 0000:00:04.0:   bridge window [mem 0xd5000000-0xd5ffffff]
2024-12-18T00:43:18.752061+01:00 kpepe kernel: pci 0000:00:04.0:   bridge window [mem 0xd0000000-0xd0ffffff 64bit pref]
2024-12-18T00:43:18.752063+01:00 kpepe kernel: pci 0000:02:00.0: [10ec:5227] type 00 class 0xff0000
2024-12-18T00:43:18.752065+01:00 kpepe kernel: pci 0000:02:00.0: reg 0x10: [mem 0xd4000000-0xd4000fff]
2024-12-18T00:43:18.752067+01:00 kpepe kernel: pci 0000:02:00.0: supports D1 D2
2024-12-18T00:43:18.752080+01:00 kpepe kernel: pci 0000:02:00.0: PME# supported from D1 D2 D3hot D3cold
2024-12-18T00:43:18.752084+01:00 kpepe kernel: pci 0000:00:05.0: PCI bridge to [bus 02]
2024-12-18T00:43:18.752086+01:00 kpepe kernel: pci 0000:00:05.0:   bridge window [io  0x3000-0x3fff]
2024-12-18T00:43:18.752088+01:00 kpepe kernel: pci 0000:00:05.0:   bridge window [mem 0xd4000000-0xd4ffffff]
2024-12-18T00:43:18.752090+01:00 kpepe kernel: pci 0000:00:05.0:   bridge window [mem 0xd1000000-0xd1ffffff 64bit pref]
2024-12-18T00:43:18.752092+01:00 kpepe kernel: pci 0000:03:00.0: [14e4:4359] type 00 class 0x028000
2024-12-18T00:43:18.752104+01:00 kpepe kernel: pci 0000:03:00.0: reg 0x10: [mem 0xd3000000-0xd3003fff 64bit]
2024-12-18T00:43:18.752108+01:00 kpepe kernel: pci 0000:03:00.0: enabling Extended Tags
2024-12-18T00:43:18.752110+01:00 kpepe kernel: pci 0000:03:00.0: supports D1 D2
2024-12-18T00:43:18.752112+01:00 kpepe kernel: pci 0000:03:00.0: PME# supported from D0 D3hot D3cold
2024-12-18T00:43:18.752114+01:00 kpepe kernel: pci 0000:00:07.0: PCI bridge to [bus 03-05]
2024-12-18T00:43:18.752116+01:00 kpepe kernel: pci 0000:00:07.0:   bridge window [io  0x2000-0x2fff]
2024-12-18T00:43:18.752128+01:00 kpepe kernel: pci 0000:00:07.0:   bridge window [mem 0xd3000000-0xd3ffffff]
2024-12-18T00:43:18.752132+01:00 kpepe kernel: pci 0000:00:07.0:   bridge window [mem 0xd2000000-0xd2ffffff 64bit pref]
2024-12-18T00:43:18.752134+01:00 kpepe kernel: pci_bus 0000:06: extended config space not accessible
2024-12-18T00:43:18.752136+01:00 kpepe kernel: pci 0000:00:14.4: PCI bridge to [bus 06] (subtractive decode)
2024-12-18T00:43:18.752138+01:00 kpepe kernel: pci 0000:00:14.4:   bridge window [io  0x0000-0x0cf7 window] (subtractive decode)
2024-12-18T00:43:18.752140+01:00 kpepe kernel: pci 0000:00:14.4:   bridge window [io  0x0d00-0xffff window] (subtractive decode)
2024-12-18T00:43:18.752143+01:00 kpepe kernel: pci 0000:00:14.4:   bridge window [mem 0x000a0000-0x000bffff window] (subtractive decode)
2024-12-18T00:43:18.752155+01:00 kpepe kernel: pci 0000:00:14.4:   bridge window [mem 0x000c0000-0x000cbfff window] (subtractive decode)
2024-12-18T00:43:18.752159+01:00 kpepe kernel: pci 0000:00:14.4:   bridge window [mem 0x000d4000-0x000fffff window] (subtractive decode)
2024-12-18T00:43:18.752161+01:00 kpepe kernel: pci 0000:00:14.4:   bridge window [mem 0xc0000000-0xdfffffff window] (subtractive decode)
2024-12-18T00:43:18.752163+01:00 kpepe kernel: pci 0000:00:14.4:   bridge window [mem 0xf0000000-0xfffdffff window] (subtractive decode)
2024-12-18T00:43:18.752165+01:00 kpepe kernel: ACPI BIOS Error (bug): Could not resolve symbol [\_SB.PCI0.SATA.ODDZ.ZPOD], AE_NOT_FOUND (20230628/psargs-330)
2024-12-18T00:43:18.752167+01:00 kpepe kernel: ACPI Error: Aborting method \_SB.PCI0.SATA.PRT1._STA due to previous error (AE_NOT_FOUND) (20230628/psparse-529)
2024-12-18T00:43:18.752179+01:00 kpepe kernel: ACPI: PCI: Interrupt link LNKA configured for IRQ 0
2024-12-18T00:43:18.752183+01:00 kpepe kernel: ACPI: PCI: Interrupt link LNKB configured for IRQ 0
2024-12-18T00:43:18.752185+01:00 kpepe kernel: ACPI: PCI: Interrupt link LNKC configured for IRQ 0
2024-12-18T00:43:18.752187+01:00 kpepe kernel: ACPI: PCI: Interrupt link LNKD configured for IRQ 0
2024-12-18T00:43:18.752189+01:00 kpepe kernel: ACPI: PCI: Interrupt link LNKE configured for IRQ 0
2024-12-18T00:43:18.752191+01:00 kpepe kernel: ACPI: PCI: Interrupt link LNKF configured for IRQ 0
2024-12-18T00:43:18.752203+01:00 kpepe kernel: ACPI: PCI: Interrupt link LNKG configured for IRQ 0
2024-12-18T00:43:18.752207+01:00 kpepe kernel: ACPI: PCI: Interrupt link LNKH configured for IRQ 0
2024-12-18T00:43:18.752209+01:00 kpepe kernel: ACPI: EC: interrupt unblocked
2024-12-18T00:43:18.752211+01:00 kpepe kernel: ACPI: EC: event unblocked
2024-12-18T00:43:18.752214+01:00 kpepe kernel: ACPI: EC: EC_CMD/EC_SC=0x66, EC_DATA=0x62
2024-12-18T00:43:18.752216+01:00 kpepe kernel: ACPI: EC: GPE=0x3
2024-12-18T00:43:18.752218+01:00 kpepe kernel: ACPI: \_SB_.PCI0.LPCB.EC0_: Boot DSDT EC initialization complete
2024-12-18T00:43:18.752230+01:00 kpepe kernel: ACPI: \_SB_.PCI0.LPCB.EC0_: EC: Used to handle transactions and events
2024-12-18T00:43:18.752234+01:00 kpepe kernel: iommu: Default domain type: Translated
2024-12-18T00:43:18.752236+01:00 kpepe kernel: iommu: DMA domain TLB invalidation policy: lazy mode
2024-12-18T00:43:18.752238+01:00 kpepe kernel: pps_core: LinuxPPS API ver. 1 registered
2024-12-18T00:43:18.752240+01:00 kpepe kernel: pps_core: Software ver. 5.3.6 - Copyright 2005-2007 Rodolfo Giometti <giometti@linux.it>
2024-12-18T00:43:18.752242+01:00 kpepe kernel: PTP clock support registered
2024-12-18T00:43:18.752254+01:00 kpepe kernel: EDAC MC: Ver: 3.0.0
2024-12-18T00:43:18.752258+01:00 kpepe kernel: NetLabel: Initializing
2024-12-18T00:43:18.752260+01:00 kpepe kernel: NetLabel:  domain hash size = 128
2024-12-18T00:43:18.752262+01:00 kpepe kernel: NetLabel:  protocols = UNLABELED CIPSOv4 CALIPSO
2024-12-18T00:43:18.752264+01:00 kpepe kernel: NetLabel:  unlabeled traffic allowed by default
2024-12-18T00:43:18.752266+01:00 kpepe kernel: PCI: Using ACPI for IRQ routing
2024-12-18T00:43:18.752284+01:00 kpepe kernel: PCI: pci_cache_line_size set to 64 bytes
2024-12-18T00:43:18.752288+01:00 kpepe kernel: resource: Expanded resource Reserved due to conflict with PCI Bus 0000:00
2024-12-18T00:43:18.752290+01:00 kpepe kernel: e820: reserve RAM buffer [mem 0x0009ec00-0x0009ffff]
2024-12-18T00:43:18.752292+01:00 kpepe kernel: e820: reserve RAM buffer [mem 0x8d9d3000-0x8fffffff]
2024-12-18T00:43:18.752294+01:00 kpepe kernel: e820: reserve RAM buffer [mem 0x8f000000-0x8fffffff]
2024-12-18T00:43:18.752296+01:00 kpepe kernel: e820: reserve RAM buffer [mem 0x23f000000-0x23fffffff]
2024-12-18T00:43:18.752298+01:00 kpepe kernel: pci 0000:00:01.0: vgaarb: setting as boot VGA device
2024-12-18T00:43:18.752310+01:00 kpepe kernel: pci 0000:00:01.0: vgaarb: bridge control possible
2024-12-18T00:43:18.752314+01:00 kpepe kernel: pci 0000:00:01.0: vgaarb: VGA device added: decodes=io+mem,owns=io+mem,locks=none
2024-12-18T00:43:18.752316+01:00 kpepe kernel: vgaarb: loaded
2024-12-18T00:43:18.752319+01:00 kpepe kernel: hpet0: at MMIO 0xfed00000, IRQs 2, 8, 0
2024-12-18T00:43:18.752321+01:00 kpepe kernel: hpet0: 3 comparators, 32-bit 14.318180 MHz counter
2024-12-18T00:43:18.752323+01:00 kpepe kernel: clocksource: Switched to clocksource tsc-early
2024-12-18T00:43:18.752338+01:00 kpepe kernel: VFS: Disk quotas dquot_6.6.0
2024-12-18T00:43:18.752342+01:00 kpepe kernel: VFS: Dquot-cache hash table entries: 512 (order 0, 4096 bytes)
2024-12-18T00:43:18.752344+01:00 kpepe kernel: AppArmor: AppArmor Filesystem Enabled
2024-12-18T00:43:18.752346+01:00 kpepe kernel: pnp: PnP ACPI init
2024-12-18T00:43:18.752349+01:00 kpepe kernel: system 00:00: [mem 0xe0000000-0xefffffff] has been reserved
2024-12-18T00:43:18.752351+01:00 kpepe kernel: system 00:00: [mem 0xfeb00000-0xfeb00fff] has been reserved
2024-12-18T00:43:18.752353+01:00 kpepe kernel: system 00:00: [mem 0xfec00000-0xfec00fff] could not be reserved
2024-12-18T00:43:18.752365+01:00 kpepe kernel: system 00:00: [mem 0xfee00000-0xfee00fff] has been reserved
2024-12-18T00:43:18.752369+01:00 kpepe kernel: system 00:01: [io  0x0400-0x04cf] has been reserved
2024-12-18T00:43:18.752371+01:00 kpepe kernel: system 00:01: [io  0x04d0-0x04d1] has been reserved
2024-12-18T00:43:18.752373+01:00 kpepe kernel: system 00:01: [io  0x04d6] has been reserved
2024-12-18T00:43:18.752376+01:00 kpepe kernel: system 00:01: [io  0x0680-0x06ff] has been reserved
2024-12-18T00:43:18.752378+01:00 kpepe kernel: system 00:01: [io  0x077a] has been reserved
2024-12-18T00:43:18.752389+01:00 kpepe kernel: system 00:01: [io  0x0c00-0x0c01] has been reserved
2024-12-18T00:43:18.752393+01:00 kpepe kernel: system 00:01: [io  0x0c14] has been reserved
2024-12-18T00:43:18.752396+01:00 kpepe kernel: system 00:01: [io  0x0c50-0x0c52] has been reserved
2024-12-18T00:43:18.752398+01:00 kpepe kernel: system 00:01: [io  0x0c6c] has been reserved
2024-12-18T00:43:18.752400+01:00 kpepe kernel: system 00:01: [io  0x0c6f] has been reserved
2024-12-18T00:43:18.752402+01:00 kpepe kernel: system 00:01: [io  0x0cd0-0x0cdb] has been reserved
2024-12-18T00:43:18.752414+01:00 kpepe kernel: system 00:01: [io  0x0220-0x0227] has been reserved
2024-12-18T00:43:18.752417+01:00 kpepe kernel: system 00:01: [io  0x0260-0x0273] has been reserved
2024-12-18T00:43:18.752420+01:00 kpepe kernel: system 00:01: [io  0x0800] has been reserved
2024-12-18T00:43:18.752422+01:00 kpepe kernel: system 00:01: [io  0x0804] has been reserved
2024-12-18T00:43:18.752424+01:00 kpepe kernel: system 00:01: [io  0x087f] has been reserved
2024-12-18T00:43:18.752426+01:00 kpepe kernel: system 00:01: [io  0x0cdc-0x0cdf] has been reserved
2024-12-18T00:43:18.752428+01:00 kpepe kernel: system 00:01: [io  0x0b00-0x0b0f] has been reserved
2024-12-18T00:43:18.752439+01:00 kpepe kernel: system 00:01: [io  0x0200-0x027f] could not be reserved
2024-12-18T00:43:18.752443+01:00 kpepe kernel: system 00:01: [io  0x0840-0x0847] has been reserved
2024-12-18T00:43:18.752445+01:00 kpepe kernel: system 00:02: [mem 0x00000000-0x0009ffff] could not be reserved
2024-12-18T00:43:18.752447+01:00 kpepe kernel: system 00:02: [mem 0x00100000-0xbfffffff] could not be reserved
2024-12-18T00:43:18.752548+01:00 kpepe kernel: system 00:02: [mem 0xffe00000-0xffffffff] could not be reserved
2024-12-18T00:43:18.752551+01:00 kpepe kernel: pnp 00:04: [dma 0 disabled]
2024-12-18T00:43:18.752564+01:00 kpepe kernel: ACPI BIOS Error (bug): Could not resolve symbol [\_SB.PCI0.SATA.ODDZ.ZPOD], AE_NOT_FOUND (20230628/psargs-330)
2024-12-18T00:43:18.752568+01:00 kpepe kernel: ACPI Error: Aborting method \_SB.PCI0.SATA.PRT1._STA due to previous error (AE_NOT_FOUND) (20230628/psparse-529)
2024-12-18T00:43:18.752570+01:00 kpepe kernel: pnp: PnP ACPI: found 8 devices
2024-12-18T00:43:18.752572+01:00 kpepe kernel: clocksource: acpi_pm: mask: 0xffffff max_cycles: 0xffffff, max_idle_ns: 2085701024 ns
2024-12-18T00:43:18.752575+01:00 kpepe kernel: NET: Registered PF_INET protocol family
2024-12-18T00:43:18.752577+01:00 kpepe kernel: IP idents hash table entries: 131072 (order: 8, 1048576 bytes, linear)
2024-12-18T00:43:18.752589+01:00 kpepe kernel: tcp_listen_portaddr_hash hash table entries: 4096 (order: 4, 65536 bytes, linear)
2024-12-18T00:43:18.752592+01:00 kpepe kernel: Table-perturb hash table entries: 65536 (order: 6, 262144 bytes, linear)
2024-12-18T00:43:18.752595+01:00 kpepe kernel: TCP established hash table entries: 65536 (order: 7, 524288 bytes, linear)
2024-12-18T00:43:18.752597+01:00 kpepe kernel: TCP bind hash table entries: 65536 (order: 9, 2097152 bytes, linear)
2024-12-18T00:43:18.752599+01:00 kpepe kernel: TCP: Hash tables configured (established 65536 bind 65536)
2024-12-18T00:43:18.752602+01:00 kpepe kernel: MPTCP token hash table entries: 8192 (order: 5, 196608 bytes, linear)
2024-12-18T00:43:18.752604+01:00 kpepe kernel: UDP hash table entries: 4096 (order: 5, 131072 bytes, linear)
2024-12-18T00:43:18.752616+01:00 kpepe kernel: UDP-Lite hash table entries: 4096 (order: 5, 131072 bytes, linear)
2024-12-18T00:43:18.752620+01:00 kpepe kernel: NET: Registered PF_UNIX/PF_LOCAL protocol family
2024-12-18T00:43:18.752622+01:00 kpepe kernel: NET: Registered PF_XDP protocol family
2024-12-18T00:43:18.752624+01:00 kpepe kernel: pci 0000:00:04.0: PCI bridge to [bus 01]
2024-12-18T00:43:18.752626+01:00 kpepe kernel: pci 0000:00:04.0:   bridge window [io  0x4000-0x4fff]
2024-12-18T00:43:18.752628+01:00 kpepe kernel: pci 0000:00:04.0:   bridge window [mem 0xd5000000-0xd5ffffff]
2024-12-18T00:43:18.752640+01:00 kpepe kernel: pci 0000:00:04.0:   bridge window [mem 0xd0000000-0xd0ffffff 64bit pref]
2024-12-18T00:43:18.752644+01:00 kpepe kernel: pci 0000:00:05.0: PCI bridge to [bus 02]
2024-12-18T00:43:18.752646+01:00 kpepe kernel: pci 0000:00:05.0:   bridge window [io  0x3000-0x3fff]
2024-12-18T00:43:18.752648+01:00 kpepe kernel: pci 0000:00:05.0:   bridge window [mem 0xd4000000-0xd4ffffff]
2024-12-18T00:43:18.752650+01:00 kpepe kernel: pci 0000:00:05.0:   bridge window [mem 0xd1000000-0xd1ffffff 64bit pref]
2024-12-18T00:43:18.752653+01:00 kpepe kernel: pci 0000:00:07.0: PCI bridge to [bus 03-05]
2024-12-18T00:43:18.752664+01:00 kpepe kernel: pci 0000:00:07.0:   bridge window [io  0x2000-0x2fff]
2024-12-18T00:43:18.752668+01:00 kpepe kernel: pci 0000:00:07.0:   bridge window [mem 0xd3000000-0xd3ffffff]
2024-12-18T00:43:18.752670+01:00 kpepe kernel: pci 0000:00:07.0:   bridge window [mem 0xd2000000-0xd2ffffff 64bit pref]
2024-12-18T00:43:18.752673+01:00 kpepe kernel: pci 0000:00:14.4: PCI bridge to [bus 06]
2024-12-18T00:43:18.752675+01:00 kpepe kernel: pci_bus 0000:00: resource 4 [io  0x0000-0x0cf7 window]
2024-12-18T00:43:18.752677+01:00 kpepe kernel: pci_bus 0000:00: resource 5 [io  0x0d00-0xffff window]
2024-12-18T00:43:18.752679+01:00 kpepe kernel: pci_bus 0000:00: resource 6 [mem 0x000a0000-0x000bffff window]
2024-12-18T00:43:18.752691+01:00 kpepe kernel: pci_bus 0000:00: resource 7 [mem 0x000c0000-0x000cbfff window]
2024-12-18T00:43:18.752694+01:00 kpepe kernel: pci_bus 0000:00: resource 8 [mem 0x000d4000-0x000fffff window]
2024-12-18T00:43:18.752697+01:00 kpepe kernel: pci_bus 0000:00: resource 9 [mem 0xc0000000-0xdfffffff window]
2024-12-18T00:43:18.752699+01:00 kpepe kernel: pci_bus 0000:00: resource 10 [mem 0xf0000000-0xfffdffff window]
2024-12-18T00:43:18.752701+01:00 kpepe kernel: pci_bus 0000:01: resource 0 [io  0x4000-0x4fff]
2024-12-18T00:43:18.752703+01:00 kpepe kernel: pci_bus 0000:01: resource 1 [mem 0xd5000000-0xd5ffffff]
2024-12-18T00:43:18.752715+01:00 kpepe kernel: pci_bus 0000:01: resource 2 [mem 0xd0000000-0xd0ffffff 64bit pref]
2024-12-18T00:43:18.752718+01:00 kpepe kernel: pci_bus 0000:02: resource 0 [io  0x3000-0x3fff]
2024-12-18T00:43:18.752721+01:00 kpepe kernel: pci_bus 0000:02: resource 1 [mem 0xd4000000-0xd4ffffff]
2024-12-18T00:43:18.752723+01:00 kpepe kernel: pci_bus 0000:02: resource 2 [mem 0xd1000000-0xd1ffffff 64bit pref]
2024-12-18T00:43:18.752725+01:00 kpepe kernel: pci_bus 0000:03: resource 0 [io  0x2000-0x2fff]
2024-12-18T00:43:18.752727+01:00 kpepe kernel: pci_bus 0000:03: resource 1 [mem 0xd3000000-0xd3ffffff]
2024-12-18T00:43:18.752729+01:00 kpepe kernel: pci_bus 0000:03: resource 2 [mem 0xd2000000-0xd2ffffff 64bit pref]
2024-12-18T00:43:18.752741+01:00 kpepe kernel: pci_bus 0000:06: resource 4 [io  0x0000-0x0cf7 window]
2024-12-18T00:43:18.752745+01:00 kpepe kernel: pci_bus 0000:06: resource 5 [io  0x0d00-0xffff window]
2024-12-18T00:43:18.752747+01:00 kpepe kernel: pci_bus 0000:06: resource 6 [mem 0x000a0000-0x000bffff window]
2024-12-18T00:43:18.752749+01:00 kpepe kernel: pci_bus 0000:06: resource 7 [mem 0x000c0000-0x000cbfff window]
2024-12-18T00:43:18.752751+01:00 kpepe kernel: pci_bus 0000:06: resource 8 [mem 0x000d4000-0x000fffff window]
2024-12-18T00:43:18.752753+01:00 kpepe kernel: pci_bus 0000:06: resource 9 [mem 0xc0000000-0xdfffffff window]
2024-12-18T00:43:18.752765+01:00 kpepe kernel: pci_bus 0000:06: resource 10 [mem 0xf0000000-0xfffdffff window]
2024-12-18T00:43:18.752768+01:00 kpepe kernel: pci 0000:00:01.1: D0 power state depends on 0000:00:01.0
2024-12-18T00:43:18.752771+01:00 kpepe kernel: pci 0000:00:12.2: PME# does not work under D3, disabling it
2024-12-18T00:43:18.752773+01:00 kpepe kernel: pci 0000:00:13.2: PME# does not work under D3, disabling it
2024-12-18T00:43:18.752775+01:00 kpepe kernel: pci 0000:00:14.2: CLS mismatch (64 != 32), using 64 bytes
2024-12-18T00:43:18.752777+01:00 kpepe kernel: pci 0000:00:16.2: PME# does not work under D3, disabling it
2024-12-18T00:43:18.752788+01:00 kpepe kernel: PCI-DMA: Using software bounce buffering for IO (SWIOTLB)
2024-12-18T00:43:18.752792+01:00 kpepe kernel: software IO TLB: mapped [mem 0x00000000899d3000-0x000000008d9d3000] (64MB)
2024-12-18T00:43:18.752794+01:00 kpepe kernel: LVT offset 0 assigned for vector 0x400
2024-12-18T00:43:18.752797+01:00 kpepe kernel: Trying to unpack rootfs image as initramfs...
2024-12-18T00:43:18.752799+01:00 kpepe kernel: perf: AMD IBS detected (0x000000ff)
2024-12-18T00:43:18.752801+01:00 kpepe kernel: amd_uncore: 4  amd_nb counters detected
2024-12-18T00:43:18.752803+01:00 kpepe kernel: Initialise system trusted keyrings
2024-12-18T00:43:18.752823+01:00 kpepe kernel: Key type blacklist registered
2024-12-18T00:43:18.752827+01:00 kpepe kernel: workingset: timestamp_bits=36 max_order=21 bucket_order=0
2024-12-18T00:43:18.752829+01:00 kpepe kernel: zbud: loaded
2024-12-18T00:43:18.752831+01:00 kpepe kernel: fuse: init (API version 7.39)
2024-12-18T00:43:18.752833+01:00 kpepe kernel: integrity: Platform Keyring initialized
2024-12-18T00:43:18.752836+01:00 kpepe kernel: integrity: Machine keyring initialized
2024-12-18T00:43:18.752848+01:00 kpepe kernel: Key type asymmetric registered
2024-12-18T00:43:18.752852+01:00 kpepe kernel: Asymmetric key parser 'x509' registered
2024-12-18T00:43:18.752854+01:00 kpepe kernel: tsc: Refined TSC clocksource calibration: 2495.222 MHz
2024-12-18T00:43:18.752856+01:00 kpepe kernel: clocksource: tsc: mask: 0xffffffffffffffff max_cycles: 0x23f79802f5d, max_idle_ns: 440795211416 ns
2024-12-18T00:43:18.752858+01:00 kpepe kernel: clocksource: Switched to clocksource tsc
2024-12-18T00:43:18.752861+01:00 kpepe kernel: Freeing initrd memory: 75988K
2024-12-18T00:43:18.752863+01:00 kpepe kernel: Block layer SCSI generic (bsg) driver version 0.4 loaded (major 247)
2024-12-18T00:43:18.752875+01:00 kpepe kernel: io scheduler mq-deadline registered
2024-12-18T00:43:18.752878+01:00 kpepe kernel: pcieport 0000:00:04.0: PME: Signaling with IRQ 24
2024-12-18T00:43:18.752881+01:00 kpepe kernel: pcieport 0000:00:04.0: pciehp: Slot #0 AttnBtn- PwrCtrl- MRL- AttnInd- PwrInd- HotPlug+ Surprise- Interlock- NoCompl+ IbPresDis- LLActRep+
2024-12-18T00:43:18.752883+01:00 kpepe kernel: pcieport 0000:00:05.0: PME: Signaling with IRQ 25
2024-12-18T00:43:18.752885+01:00 kpepe kernel: pcieport 0000:00:05.0: pciehp: Slot #0 AttnBtn- PwrCtrl- MRL- AttnInd- PwrInd- HotPlug+ Surprise- Interlock- NoCompl+ IbPresDis- LLActRep+
2024-12-18T00:43:18.752888+01:00 kpepe kernel: pcieport 0000:00:07.0: PME: Signaling with IRQ 26
2024-12-18T00:43:18.752900+01:00 kpepe kernel: pcieport 0000:00:07.0: pciehp: Slot #0 AttnBtn- PwrCtrl- MRL- AttnInd- PwrInd- HotPlug+ Surprise- Interlock- NoCompl+ IbPresDis- LLActRep+
2024-12-18T00:43:18.752904+01:00 kpepe kernel: shpchp: Standard Hot Plug PCI Controller Driver version: 0.4
2024-12-18T00:43:18.752906+01:00 kpepe kernel: ACPI: \_PR_.C000: Found 2 idle states
2024-12-18T00:43:18.752908+01:00 kpepe kernel: ACPI: \_PR_.C001: Found 2 idle states
2024-12-18T00:43:18.752910+01:00 kpepe kernel: thermal LNXTHERM:00: registered as thermal_zone0
2024-12-18T00:43:18.752912+01:00 kpepe kernel: ACPI: thermal: Thermal Zone [CPUZ] (41 C)
2024-12-18T00:43:18.752924+01:00 kpepe kernel: thermal LNXTHERM:01: registered as thermal_zone1
2024-12-18T00:43:18.752928+01:00 kpepe kernel: ACPI: thermal: Thermal Zone [GFXZ] (0 C)
2024-12-18T00:43:18.752930+01:00 kpepe kernel: thermal LNXTHERM:02: registered as thermal_zone2
2024-12-18T00:43:18.752932+01:00 kpepe kernel: ACPI: thermal: Thermal Zone [EXTZ] (0 C)
2024-12-18T00:43:18.752934+01:00 kpepe kernel: thermal LNXTHERM:03: registered as thermal_zone3
2024-12-18T00:43:18.752936+01:00 kpepe kernel: ACPI: thermal: Thermal Zone [LOCZ] (0 C)
2024-12-18T00:43:18.752948+01:00 kpepe kernel: thermal LNXTHERM:04: registered as thermal_zone4
2024-12-18T00:43:18.752951+01:00 kpepe kernel: ACPI: thermal: Thermal Zone [BATZ] (25 C)
2024-12-18T00:43:18.752953+01:00 kpepe kernel: Serial: 8250/16550 driver, 4 ports, IRQ sharing enabled
2024-12-18T00:43:18.752956+01:00 kpepe kernel: Linux agpgart interface v0.103
2024-12-18T00:43:18.752958+01:00 kpepe kernel: tpm_tis 00:07: 1.2 TPM (device-id 0xB, rev-id 16)
2024-12-18T00:43:18.752960+01:00 kpepe kernel: tpm tpm0: TPM is disabled/deactivated (0x7)
2024-12-18T00:43:18.752966+01:00 kpepe kernel: AMD-Vi: AMD IOMMUv2 functionality not available on this system - This is not a bug.
2024-12-18T00:43:18.752975+01:00 kpepe kernel: i8042: PNP: PS/2 Controller [PNP0303:PS2K,PNP0f13:PS2M] at 0x60,0x64 irq 1,12
2024-12-18T00:43:18.752978+01:00 kpepe kernel: i8042: Detected active multiplexing controller, rev 1.1
2024-12-18T00:43:18.752981+01:00 kpepe kernel: serio: i8042 KBD port at 0x60,0x64 irq 1
2024-12-18T00:43:18.753129+01:00 kpepe kernel: serio: i8042 AUX0 port at 0x60,0x64 irq 12
2024-12-18T00:43:18.753135+01:00 kpepe kernel: serio: i8042 AUX1 port at 0x60,0x64 irq 12
2024-12-18T00:43:18.753138+01:00 kpepe kernel: serio: i8042 AUX2 port at 0x60,0x64 irq 12
2024-12-18T00:43:18.753155+01:00 kpepe kernel: serio: i8042 AUX3 port at 0x60,0x64 irq 12
2024-12-18T00:43:18.753161+01:00 kpepe kernel: mousedev: PS/2 mouse device common for all mice
2024-12-18T00:43:18.753165+01:00 kpepe kernel: rtc_cmos 00:03: RTC can wake from S4
2024-12-18T00:43:18.753168+01:00 kpepe kernel: rtc_cmos 00:03: registered as rtc0
2024-12-18T00:43:18.753171+01:00 kpepe kernel: rtc_cmos 00:03: setting system clock to 2024-12-17T23:42:40 UTC (1734478960)
2024-12-18T00:43:18.753175+01:00 kpepe kernel: rtc_cmos 00:03: alarms up to one month, 114 bytes nvram, hpet irqs
2024-12-18T00:43:18.753188+01:00 kpepe kernel: amd_pstate: the _CPC object is not present in SBIOS or ACPI disabled
2024-12-18T00:43:18.753192+01:00 kpepe kernel: ledtrig-cpu: registered to indicate activity on CPUs
2024-12-18T00:43:18.753194+01:00 kpepe kernel: NET: Registered PF_INET6 protocol family
2024-12-18T00:43:18.753197+01:00 kpepe kernel: input: AT Translated Set 2 keyboard as /devices/platform/i8042/serio0/input/input0
2024-12-18T00:43:18.753199+01:00 kpepe kernel: Segment Routing with IPv6
2024-12-18T00:43:18.753201+01:00 kpepe kernel: In-situ OAM (IOAM) with IPv6
2024-12-18T00:43:18.753203+01:00 kpepe kernel: mip6: Mobile IPv6
2024-12-18T00:43:18.753215+01:00 kpepe kernel: NET: Registered PF_PACKET protocol family
2024-12-18T00:43:18.753218+01:00 kpepe kernel: mpls_gso: MPLS GSO support
2024-12-18T00:43:18.753221+01:00 kpepe kernel: x86/pm: family 0x15 cpu detected, MSR saving is needed during suspending.
2024-12-18T00:43:18.753223+01:00 kpepe kernel: microcode: microcode updated early to new patch_level=0x06001119
2024-12-18T00:43:18.753225+01:00 kpepe kernel: microcode: CPU1: patch_level=0x06001119
2024-12-18T00:43:18.753227+01:00 kpepe kernel: microcode: CPU0: patch_level=0x06001119
2024-12-18T00:43:18.753239+01:00 kpepe kernel: microcode: CPU0: new patch_level=0x06001119
2024-12-18T00:43:18.753243+01:00 kpepe kernel: microcode: CPU1: new patch_level=0x06001119
2024-12-18T00:43:18.753245+01:00 kpepe kernel: microcode: Microcode Update Driver: v2.2.
2024-12-18T00:43:18.753247+01:00 kpepe kernel: IPI shorthand broadcast: enabled
2024-12-18T00:43:18.753249+01:00 kpepe kernel: sched_clock: Marking stable (1856003710, 3021431)->(1916414893, -57389752)
2024-12-18T00:43:18.753251+01:00 kpepe kernel: registered taskstats version 1
2024-12-18T00:43:18.753258+01:00 kpepe kernel: Loading compiled-in X.509 certificates
2024-12-18T00:43:18.753267+01:00 kpepe kernel: Loaded X.509 cert 'Build time autogenerated kernel key: 5a9b117384fe08beae6f5a875ee52382c2defe26'
2024-12-18T00:43:18.753270+01:00 kpepe kernel: Key type .fscrypt registered
2024-12-18T00:43:18.753272+01:00 kpepe kernel: Key type fscrypt-provisioning registered
2024-12-18T00:43:18.753275+01:00 kpepe kernel: Key type encrypted registered
2024-12-18T00:43:18.753277+01:00 kpepe kernel: AppArmor: AppArmor sha1 policy hashing enabled
2024-12-18T00:43:18.753279+01:00 kpepe kernel: ima: Allocated hash algorithm: sha256
2024-12-18T00:43:18.753291+01:00 kpepe kernel: ima: Error Communicating to TPM chip
2024-12-18T00:43:18.753295+01:00 kpepe kernel: ima: Error Communicating to TPM chip
2024-12-18T00:43:18.753297+01:00 kpepe kernel: ima: Error Communicating to TPM chip
2024-12-18T00:43:18.753299+01:00 kpepe kernel: ima: Error Communicating to TPM chip
2024-12-18T00:43:18.753301+01:00 kpepe kernel: ima: Error Communicating to TPM chip
2024-12-18T00:43:18.753303+01:00 kpepe kernel: ima: Error Communicating to TPM chip
2024-12-18T00:43:18.753315+01:00 kpepe kernel: ima: Error Communicating to TPM chip
2024-12-18T00:43:18.753319+01:00 kpepe kernel: ima: Error Communicating to TPM chip
2024-12-18T00:43:18.753321+01:00 kpepe kernel: ima: No architecture policies found
2024-12-18T00:43:18.753323+01:00 kpepe kernel: evm: Initialising EVM extended attributes:
2024-12-18T00:43:18.753325+01:00 kpepe kernel: evm: security.selinux
2024-12-18T00:43:18.753327+01:00 kpepe kernel: evm: security.SMACK64 (disabled)
2024-12-18T00:43:18.753329+01:00 kpepe kernel: evm: security.SMACK64EXEC (disabled)
2024-12-18T00:43:18.753341+01:00 kpepe kernel: evm: security.SMACK64TRANSMUTE (disabled)
2024-12-18T00:43:18.753344+01:00 kpepe kernel: evm: security.SMACK64MMAP (disabled)
2024-12-18T00:43:18.753346+01:00 kpepe kernel: evm: security.apparmor
2024-12-18T00:43:18.753348+01:00 kpepe kernel: evm: security.ima
2024-12-18T00:43:18.753351+01:00 kpepe kernel: evm: security.capability
2024-12-18T00:43:18.753353+01:00 kpepe kernel: evm: HMAC attrs: 0x1
2024-12-18T00:43:18.753368+01:00 kpepe kernel: RAS: Correctable Errors collector initialized.
2024-12-18T00:43:18.753372+01:00 kpepe kernel: clk: Disabling unused clocks
2024-12-18T00:43:18.753374+01:00 kpepe kernel: Freeing unused decrypted memory: 2028K
2024-12-18T00:43:18.753376+01:00 kpepe kernel: Freeing unused kernel image (initmem) memory: 3960K
2024-12-18T00:43:18.753378+01:00 kpepe kernel: Write protecting the kernel read-only data: 28672k
2024-12-18T00:43:18.753380+01:00 kpepe kernel: Freeing unused kernel image (rodata/data gap) memory: 1744K
2024-12-18T00:43:18.753387+01:00 kpepe kernel: x86/mm: Checked W+X mappings: passed, no W+X pages found.
2024-12-18T00:43:18.753396+01:00 kpepe kernel: Run /init as init process
2024-12-18T00:43:18.753399+01:00 kpepe kernel:   with arguments:
2024-12-18T00:43:18.753402+01:00 kpepe kernel:     /init
2024-12-18T00:43:18.753404+01:00 kpepe kernel:     splash
2024-12-18T00:43:18.753406+01:00 kpepe kernel:   with environment:
2024-12-18T00:43:18.753408+01:00 kpepe kernel:     HOME=/
2024-12-18T00:43:18.753420+01:00 kpepe kernel:     TERM=linux
2024-12-18T00:43:18.753423+01:00 kpepe kernel:     BOOT_IMAGE=/boot/vmlinuz-6.6.9-amd64
2024-12-18T00:43:18.753426+01:00 kpepe kernel: input: Sleep Button as /devices/LNXSYSTM:00/LNXSYBUS:00/PNP0C0E:00/input/input5
2024-12-18T00:43:18.753428+01:00 kpepe kernel: ACPI: button: Sleep Button [SLPB]
2024-12-18T00:43:18.753430+01:00 kpepe kernel: input: Lid Switch as /devices/LNXSYSTM:00/LNXSYBUS:00/PNP0C0D:00/input/input6
2024-12-18T00:43:18.753432+01:00 kpepe kernel: ACPI: button: Lid Switch [LID]
2024-12-18T00:43:18.753444+01:00 kpepe kernel: input: Power Button as /devices/LNXSYSTM:00/LNXPWRBN:00/input/input7
2024-12-18T00:43:18.753448+01:00 kpepe kernel: wmi_bus wmi_bus-PNP0C14:00: [Firmware Info]: 8F1F6436-9F42-42C8-BADC-0E9424F20C9A has zero instances
2024-12-18T00:43:18.753450+01:00 kpepe kernel: wmi_bus wmi_bus-PNP0C14:00: [Firmware Info]: 8F1F6435-9F42-42C8-BADC-0E9424F20C9A has zero instances
2024-12-18T00:43:18.753453+01:00 kpepe kernel: ACPI: button: Power Button [PWRF]
2024-12-18T00:43:18.753455+01:00 kpepe kernel: ACPI Warning: SystemIO range 0x0000000000000B00-0x0000000000000B08 conflicts with OpRegion 0x0000000000000B00-0x0000000000000B06 (\_SB.PCI0.SMBS.SMBO) (20230628/utaddress-204)
2024-12-18T00:43:18.753457+01:00 kpepe kernel: ACPI: OSL: Resource conflict; ACPI support missing from driver?
2024-12-18T00:43:18.753470+01:00 kpepe kernel: ACPI: battery: Slot [BAT0] (battery present)
2024-12-18T00:43:18.753474+01:00 kpepe kernel: ACPI: video: Video Device [GFX0] (multi-head: yes  rom: no  post: no)
2024-12-18T00:43:18.753476+01:00 kpepe kernel: input: Video Bus as /devices/LNXSYSTM:00/LNXSYBUS:00/PNP0A08:00/LNXVIDEO:00/input/input8
2024-12-18T00:43:18.753478+01:00 kpepe kernel: ACPI: bus type drm_connector registered
2024-12-18T00:43:18.753480+01:00 kpepe kernel: SCSI subsystem initialized
2024-12-18T00:43:18.753482+01:00 kpepe kernel: cryptd: max_cpu_qlen set to 1000
2024-12-18T00:43:18.753494+01:00 kpepe kernel: ACPI: bus type USB registered
2024-12-18T00:43:18.753498+01:00 kpepe kernel: usbcore: registered new interface driver usbfs
2024-12-18T00:43:18.753500+01:00 kpepe kernel: usbcore: registered new interface driver hub
2024-12-18T00:43:18.753502+01:00 kpepe kernel: usbcore: registered new device driver usb
2024-12-18T00:43:18.753504+01:00 kpepe kernel: AVX version of gcm_enc/dec engaged.
2024-12-18T00:43:18.753506+01:00 kpepe kernel: AES CTR mode by8 optimization enabled
2024-12-18T00:43:18.753508+01:00 kpepe kernel: QUIRK: Enable AMD PLL fix
2024-12-18T00:43:18.753520+01:00 kpepe kernel: ehci-pci 0000:00:12.2: EHCI Host Controller
2024-12-18T00:43:18.753524+01:00 kpepe kernel: ehci-pci 0000:00:12.2: new USB bus registered, assigned bus number 1
2024-12-18T00:43:18.753526+01:00 kpepe kernel: ehci-pci 0000:00:12.2: applying AMD SB700/SB800/Hudson-2/3 EHCI dummy qh workaround
2024-12-18T00:43:18.753528+01:00 kpepe kernel: ehci-pci 0000:00:12.2: debug port 1
2024-12-18T00:43:18.753530+01:00 kpepe kernel: ehci-pci 0000:00:12.2: irq 17, io mem 0xd604d000
2024-12-18T00:43:18.753532+01:00 kpepe kernel: libata version 3.00 loaded.
2024-12-18T00:43:18.753544+01:00 kpepe kernel: ehci-pci 0000:00:12.2: USB 2.0 started, EHCI 1.00
2024-12-18T00:43:18.753548+01:00 kpepe kernel: usb usb1: New USB device found, idVendor=1d6b, idProduct=0002, bcdDevice= 6.06
2024-12-18T00:43:18.753550+01:00 kpepe kernel: usb usb1: New USB device strings: Mfr=3, Product=2, SerialNumber=1
2024-12-18T00:43:18.753553+01:00 kpepe kernel: usb usb1: Product: EHCI Host Controller
2024-12-18T00:43:18.753555+01:00 kpepe kernel: usb usb1: Manufacturer: Linux 6.6.9-amd64 ehci_hcd
2024-12-18T00:43:18.753557+01:00 kpepe kernel: usb usb1: SerialNumber: 0000:00:12.2
2024-12-18T00:43:18.753559+01:00 kpepe kernel: hub 1-0:1.0: USB hub found
2024-12-18T00:43:18.753571+01:00 kpepe kernel: hub 1-0:1.0: 5 ports detected
2024-12-18T00:43:18.753574+01:00 kpepe kernel: ehci-pci 0000:00:13.2: EHCI Host Controller
2024-12-18T00:43:18.753577+01:00 kpepe kernel: ehci-pci 0000:00:13.2: new USB bus registered, assigned bus number 2
2024-12-18T00:43:18.753579+01:00 kpepe kernel: ehci-pci 0000:00:13.2: applying AMD SB700/SB800/Hudson-2/3 EHCI dummy qh workaround
2024-12-18T00:43:18.753581+01:00 kpepe kernel: ehci-pci 0000:00:13.2: debug port 1
2024-12-18T00:43:18.753583+01:00 kpepe kernel: ehci-pci 0000:00:13.2: irq 17, io mem 0xd604b000
2024-12-18T00:43:18.753595+01:00 kpepe kernel: r8169 0000:01:00.0: can't disable ASPM; OS doesn't have ASPM control
2024-12-18T00:43:18.753599+01:00 kpepe kernel: ehci-pci 0000:00:13.2: USB 2.0 started, EHCI 1.00
2024-12-18T00:43:18.753601+01:00 kpepe kernel: usb usb2: New USB device found, idVendor=1d6b, idProduct=0002, bcdDevice= 6.06
2024-12-18T00:43:18.753603+01:00 kpepe kernel: usb usb2: New USB device strings: Mfr=3, Product=2, SerialNumber=1
2024-12-18T00:43:18.753605+01:00 kpepe kernel: usb usb2: Product: EHCI Host Controller
2024-12-18T00:43:18.753607+01:00 kpepe kernel: usb usb2: Manufacturer: Linux 6.6.9-amd64 ehci_hcd
2024-12-18T00:43:18.753619+01:00 kpepe kernel: usb usb2: SerialNumber: 0000:00:13.2
2024-12-18T00:43:18.753623+01:00 kpepe kernel: hub 2-0:1.0: USB hub found
2024-12-18T00:43:18.753625+01:00 kpepe kernel: hub 2-0:1.0: 5 ports detected
2024-12-18T00:43:18.753627+01:00 kpepe kernel: ehci-pci 0000:00:16.2: EHCI Host Controller
2024-12-18T00:43:18.753629+01:00 kpepe kernel: ehci-pci 0000:00:16.2: new USB bus registered, assigned bus number 3
2024-12-18T00:43:18.753632+01:00 kpepe kernel: ehci-pci 0000:00:16.2: applying AMD SB700/SB800/Hudson-2/3 EHCI dummy qh workaround
2024-12-18T00:43:18.753634+01:00 kpepe kernel: ehci-pci 0000:00:16.2: debug port 1
2024-12-18T00:43:18.753646+01:00 kpepe kernel: ehci-pci 0000:00:16.2: irq 17, io mem 0xd6048000
2024-12-18T00:43:18.753755+01:00 kpepe kernel: r8169 0000:01:00.0 eth0: RTL8168g/8111g, 50:65:f3:ba:0e:c4, XID 4c0, IRQ 28
2024-12-18T00:43:18.753758+01:00 kpepe kernel: r8169 0000:01:00.0 eth0: jumbo features [frames: 9194 bytes, tx checksumming: ko]
2024-12-18T00:43:18.753760+01:00 kpepe kernel: ehci-pci 0000:00:16.2: USB 2.0 started, EHCI 1.00
2024-12-18T00:43:18.753762+01:00 kpepe kernel: usb usb3: New USB device found, idVendor=1d6b, idProduct=0002, bcdDevice= 6.06
2024-12-18T00:43:18.753765+01:00 kpepe kernel: usb usb3: New USB device strings: Mfr=3, Product=2, SerialNumber=1
2024-12-18T00:43:18.753777+01:00 kpepe kernel: usb usb3: Product: EHCI Host Controller
2024-12-18T00:43:18.753781+01:00 kpepe kernel: usb usb3: Manufacturer: Linux 6.6.9-amd64 ehci_hcd
2024-12-18T00:43:18.753783+01:00 kpepe kernel: usb usb3: SerialNumber: 0000:00:16.2
2024-12-18T00:43:18.753785+01:00 kpepe kernel: hub 3-0:1.0: USB hub found
2024-12-18T00:43:18.753787+01:00 kpepe kernel: hub 3-0:1.0: 4 ports detected
2024-12-18T00:43:18.753789+01:00 kpepe kernel: ohci-pci 0000:00:12.0: OHCI PCI host controller
2024-12-18T00:43:18.753792+01:00 kpepe kernel: ohci-pci 0000:00:12.0: new USB bus registered, assigned bus number 4
2024-12-18T00:43:18.753803+01:00 kpepe kernel: ohci-pci 0000:00:12.0: irq 18, io mem 0xd604e000
2024-12-18T00:43:18.753807+01:00 kpepe kernel: ahci 0000:00:11.0: version 3.0
2024-12-18T00:43:18.753809+01:00 kpepe kernel: ahci 0000:00:11.0: AHCI 0001.0300 32 slots 4 ports 6 Gbps 0x1d impl SATA mode
2024-12-18T00:43:18.753812+01:00 kpepe kernel: ahci 0000:00:11.0: flags: 64bit ncq sntf ilck pm led clo pmp pio slum part sxs 
2024-12-18T00:43:18.753814+01:00 kpepe kernel: scsi host0: ahci
2024-12-18T00:43:18.753816+01:00 kpepe kernel: scsi host1: ahci
2024-12-18T00:43:18.753827+01:00 kpepe kernel: usb usb4: New USB device found, idVendor=1d6b, idProduct=0001, bcdDevice= 6.06
2024-12-18T00:43:18.753831+01:00 kpepe kernel: usb usb4: New USB device strings: Mfr=3, Product=2, SerialNumber=1
2024-12-18T00:43:18.753833+01:00 kpepe kernel: usb usb4: Product: OHCI PCI host controller
2024-12-18T00:43:18.753835+01:00 kpepe kernel: usb usb4: Manufacturer: Linux 6.6.9-amd64 ohci_hcd
2024-12-18T00:43:18.753837+01:00 kpepe kernel: usb usb4: SerialNumber: 0000:00:12.0
2024-12-18T00:43:18.753840+01:00 kpepe kernel: scsi host2: ahci
2024-12-18T00:43:18.753855+01:00 kpepe kernel: scsi host3: ahci
2024-12-18T00:43:18.753859+01:00 kpepe kernel: scsi host4: ahci
2024-12-18T00:43:18.753861+01:00 kpepe kernel: ata1: SATA max UDMA/133 abar m2048@0xd604f000 port 0xd604f100 irq 29
2024-12-18T00:43:18.753863+01:00 kpepe kernel: ata2: DUMMY
2024-12-18T00:43:18.753865+01:00 kpepe kernel: ata3: SATA max UDMA/133 abar m2048@0xd604f000 port 0xd604f200 irq 29
2024-12-18T00:43:18.753867+01:00 kpepe kernel: ata4: SATA max UDMA/133 abar m2048@0xd604f000 port 0xd604f280 irq 29
2024-12-18T00:43:18.753870+01:00 kpepe kernel: ata5: SATA max UDMA/133 abar m2048@0xd604f000 port 0xd604f300 irq 29
2024-12-18T00:43:18.753881+01:00 kpepe kernel: hub 4-0:1.0: USB hub found
2024-12-18T00:43:18.753885+01:00 kpepe kernel: hub 4-0:1.0: 5 ports detected
2024-12-18T00:43:18.753887+01:00 kpepe kernel: ohci-pci 0000:00:13.0: OHCI PCI host controller
2024-12-18T00:43:18.753890+01:00 kpepe kernel: ohci-pci 0000:00:13.0: new USB bus registered, assigned bus number 5
2024-12-18T00:43:18.753892+01:00 kpepe kernel: ohci-pci 0000:00:13.0: irq 18, io mem 0xd604c000
2024-12-18T00:43:18.753894+01:00 kpepe kernel: usb usb5: New USB device found, idVendor=1d6b, idProduct=0001, bcdDevice= 6.06
2024-12-18T00:43:18.753905+01:00 kpepe kernel: usb usb5: New USB device strings: Mfr=3, Product=2, SerialNumber=1
2024-12-18T00:43:18.753909+01:00 kpepe kernel: usb usb5: Product: OHCI PCI host controller
2024-12-18T00:43:18.753912+01:00 kpepe kernel: usb usb5: Manufacturer: Linux 6.6.9-amd64 ohci_hcd
2024-12-18T00:43:18.753914+01:00 kpepe kernel: usb usb5: SerialNumber: 0000:00:13.0
2024-12-18T00:43:18.753916+01:00 kpepe kernel: hub 5-0:1.0: USB hub found
2024-12-18T00:43:18.753918+01:00 kpepe kernel: hub 5-0:1.0: 5 ports detected
2024-12-18T00:43:18.753920+01:00 kpepe kernel: ohci-pci 0000:00:14.5: OHCI PCI host controller
2024-12-18T00:43:18.753932+01:00 kpepe kernel: ohci-pci 0000:00:14.5: new USB bus registered, assigned bus number 6
2024-12-18T00:43:18.753936+01:00 kpepe kernel: ohci-pci 0000:00:14.5: irq 18, io mem 0xd604a000
2024-12-18T00:43:18.753938+01:00 kpepe kernel: ata3: SATA link down (SStatus 0 SControl 300)
2024-12-18T00:43:18.753940+01:00 kpepe kernel: ata5: SATA link down (SStatus 0 SControl 300)
2024-12-18T00:43:18.753942+01:00 kpepe kernel: ata4: SATA link down (SStatus 0 SControl 300)
2024-12-18T00:43:18.753944+01:00 kpepe kernel: usb usb6: New USB device found, idVendor=1d6b, idProduct=0001, bcdDevice= 6.06
2024-12-18T00:43:18.753956+01:00 kpepe kernel: usb usb6: New USB device strings: Mfr=3, Product=2, SerialNumber=1
2024-12-18T00:43:18.753960+01:00 kpepe kernel: usb usb6: Product: OHCI PCI host controller
2024-12-18T00:43:18.753962+01:00 kpepe kernel: usb usb6: Manufacturer: Linux 6.6.9-amd64 ohci_hcd
2024-12-18T00:43:18.753964+01:00 kpepe kernel: usb usb6: SerialNumber: 0000:00:14.5
2024-12-18T00:43:18.753966+01:00 kpepe kernel: hub 6-0:1.0: USB hub found
2024-12-18T00:43:18.753968+01:00 kpepe kernel: hub 6-0:1.0: 2 ports detected
2024-12-18T00:43:18.753980+01:00 kpepe kernel: ohci-pci 0000:00:16.0: OHCI PCI host controller
2024-12-18T00:43:18.753984+01:00 kpepe kernel: ohci-pci 0000:00:16.0: new USB bus registered, assigned bus number 7
2024-12-18T00:43:18.753986+01:00 kpepe kernel: ohci-pci 0000:00:16.0: irq 18, io mem 0xd6049000
2024-12-18T00:43:18.753988+01:00 kpepe kernel: [drm] radeon kernel modesetting enabled.
2024-12-18T00:43:18.753990+01:00 kpepe kernel: radeon 0000:00:01.0: vgaarb: deactivate vga console
2024-12-18T00:43:18.753992+01:00 kpepe kernel: Console: switching to colour dummy device 80x25
2024-12-18T00:43:18.753994+01:00 kpepe kernel: [drm] initializing kernel modesetting (ARUBA 0x1002:0x9992 0x103C:0x2155 0x00).
2024-12-18T00:43:18.754006+01:00 kpepe kernel: resource: resource sanity check: requesting [mem 0x00000000000c0000-0x00000000000dffff], which spans more than PCI Bus 0000:00 [mem 0x000c0000-0x000cbfff window]
2024-12-18T00:43:18.754010+01:00 kpepe kernel: caller pci_map_rom+0x69/0x1b0 mapping multiple BARs
2024-12-18T00:43:18.754012+01:00 kpepe kernel: ATOM BIOS: HP
2024-12-18T00:43:18.754014+01:00 kpepe kernel: radeon 0000:00:01.0: VRAM: 768M 0x0000000000000000 - 0x000000002FFFFFFF (768M used)
2024-12-18T00:43:18.754017+01:00 kpepe kernel: radeon 0000:00:01.0: GTT: 1024M 0x0000000030000000 - 0x000000006FFFFFFF
2024-12-18T00:43:18.754019+01:00 kpepe kernel: [drm] Detected VRAM RAM=768M, BAR=256M
2024-12-18T00:43:18.754030+01:00 kpepe kernel: [drm] RAM width 64bits DDR
2024-12-18T00:43:18.754034+01:00 kpepe kernel: [drm] radeon: 768M of VRAM memory ready
2024-12-18T00:43:18.754036+01:00 kpepe kernel: [drm] radeon: 1024M of GTT memory ready.
2024-12-18T00:43:18.754038+01:00 kpepe kernel: [drm] Loading ARUBA Microcode
2024-12-18T00:43:18.754041+01:00 kpepe kernel: radeon 0000:00:01.0: firmware: direct-loading firmware radeon/ARUBA_pfp.bin
2024-12-18T00:43:18.754043+01:00 kpepe kernel: radeon 0000:00:01.0: firmware: direct-loading firmware radeon/ARUBA_me.bin
2024-12-18T00:43:18.754055+01:00 kpepe kernel: radeon 0000:00:01.0: firmware: direct-loading firmware radeon/ARUBA_rlc.bin
2024-12-18T00:43:18.754059+01:00 kpepe kernel: [drm] Internal thermal controller without fan control
2024-12-18T00:43:18.754061+01:00 kpepe kernel: [drm] radeon: dpm initialized
2024-12-18T00:43:18.754063+01:00 kpepe kernel: radeon 0000:00:01.0: firmware: direct-loading firmware radeon/TAHITI_uvd.bin
2024-12-18T00:43:18.754065+01:00 kpepe kernel: radeon 0000:00:01.0: firmware: direct-loading firmware radeon/TAHITI_vce.bin
2024-12-18T00:43:18.754067+01:00 kpepe kernel: [drm] Found VCE firmware/feedback version 50.0.1 / 17!
2024-12-18T00:43:18.754070+01:00 kpepe kernel: [drm] GART: num cpu pages 262144, num gpu pages 262144
2024-12-18T00:43:18.754081+01:00 kpepe kernel: usb 3-4: new high-speed USB device number 2 using ehci-pci
2024-12-18T00:43:18.754085+01:00 kpepe kernel: usb usb7: New USB device found, idVendor=1d6b, idProduct=0001, bcdDevice= 6.06
2024-12-18T00:43:18.754087+01:00 kpepe kernel: usb usb7: New USB device strings: Mfr=3, Product=2, SerialNumber=1
2024-12-18T00:43:18.754089+01:00 kpepe kernel: usb usb7: Product: OHCI PCI host controller
2024-12-18T00:43:18.754092+01:00 kpepe kernel: usb usb7: Manufacturer: Linux 6.6.9-amd64 ohci_hcd
2024-12-18T00:43:18.754094+01:00 kpepe kernel: usb usb7: SerialNumber: 0000:00:16.0
2024-12-18T00:43:18.754105+01:00 kpepe kernel: hub 7-0:1.0: USB hub found
2024-12-18T00:43:18.754109+01:00 kpepe kernel: hub 7-0:1.0: 4 ports detected
2024-12-18T00:43:18.754111+01:00 kpepe kernel: [drm] PCIE GART of 1024M enabled (table at 0x00000000001D6000).
2024-12-18T00:43:18.754113+01:00 kpepe kernel: radeon 0000:00:01.0: WB enabled
2024-12-18T00:43:18.754116+01:00 kpepe kernel: radeon 0000:00:01.0: fence driver on ring 0 use gpu addr 0x0000000030000c00
2024-12-18T00:43:18.754118+01:00 kpepe kernel: radeon 0000:00:01.0: fence driver on ring 5 use gpu addr 0x0000000000075a18
2024-12-18T00:43:18.754120+01:00 kpepe kernel: radeon 0000:00:01.0: fence driver on ring 6 use gpu addr 0x0000000030000c18
2024-12-18T00:43:18.754132+01:00 kpepe kernel: radeon 0000:00:01.0: fence driver on ring 7 use gpu addr 0x0000000030000c1c
2024-12-18T00:43:18.754136+01:00 kpepe kernel: radeon 0000:00:01.0: fence driver on ring 1 use gpu addr 0x0000000030000c04
2024-12-18T00:43:18.754138+01:00 kpepe kernel: radeon 0000:00:01.0: fence driver on ring 2 use gpu addr 0x0000000030000c08
2024-12-18T00:43:18.754140+01:00 kpepe kernel: radeon 0000:00:01.0: fence driver on ring 3 use gpu addr 0x0000000030000c0c
2024-12-18T00:43:18.754142+01:00 kpepe kernel: radeon 0000:00:01.0: fence driver on ring 4 use gpu addr 0x0000000030000c10
2024-12-18T00:43:18.754144+01:00 kpepe kernel: radeon 0000:00:01.0: radeon: MSI limited to 32-bit
2024-12-18T00:43:18.754156+01:00 kpepe kernel: radeon 0000:00:01.0: radeon: using MSI.
2024-12-18T00:43:18.754160+01:00 kpepe kernel: [drm] radeon: irq initialized.
2024-12-18T00:43:18.754162+01:00 kpepe kernel: [drm] ring test on 0 succeeded in 2 usecs
2024-12-18T00:43:18.754164+01:00 kpepe kernel: [drm] ring test on 3 succeeded in 4 usecs
2024-12-18T00:43:18.754166+01:00 kpepe kernel: [drm] ring test on 4 succeeded in 3 usecs
2024-12-18T00:43:18.754168+01:00 kpepe kernel: ata1: SATA link up 3.0 Gbps (SStatus 123 SControl 300)
2024-12-18T00:43:18.754180+01:00 kpepe kernel: ata1.00: ATA-8: HGST HTS545032A7E380, GGBOACA0, max UDMA/100
2024-12-18T00:43:18.754183+01:00 kpepe kernel: ata1.00: 625142448 sectors, multi 16: LBA48 NCQ (depth 32), AA
2024-12-18T00:43:18.754186+01:00 kpepe kernel: ata1.00: configured for UDMA/100
2024-12-18T00:43:18.754188+01:00 kpepe kernel: scsi 0:0:0:0: Direct-Access     ATA      HGST HTS545032A7 ACA0 PQ: 0 ANSI: 5
2024-12-18T00:43:18.754190+01:00 kpepe kernel: [drm] ring test on 5 succeeded in 1 usecs
2024-12-18T00:43:18.754192+01:00 kpepe kernel: [drm] UVD initialized successfully.
2024-12-18T00:43:18.754299+01:00 kpepe kernel: usb 3-4: New USB device found, idVendor=0424, idProduct=2134, bcdDevice=50.00
2024-12-18T00:43:18.754313+01:00 kpepe kernel: usb 3-4: New USB device strings: Mfr=1, Product=2, SerialNumber=0
2024-12-18T00:43:18.754317+01:00 kpepe kernel: usb 3-4: Product: USB2134B
2024-12-18T00:43:18.754319+01:00 kpepe kernel: usb 3-4: Manufacturer: SMSC
2024-12-18T00:43:18.754322+01:00 kpepe kernel: hub 3-4:1.0: USB hub found
2024-12-18T00:43:18.754324+01:00 kpepe kernel: hub 3-4:1.0: 2 ports detected
2024-12-18T00:43:18.754326+01:00 kpepe kernel: [drm] ring test on 6 succeeded in 17 usecs
2024-12-18T00:43:18.754341+01:00 kpepe kernel: [drm] ring test on 7 succeeded in 3 usecs
2024-12-18T00:43:18.754345+01:00 kpepe kernel: [drm] VCE initialized successfully.
2024-12-18T00:43:18.754347+01:00 kpepe kernel: [drm] ib test on ring 0 succeeded in 0 usecs
2024-12-18T00:43:18.754349+01:00 kpepe kernel: [drm] ib test on ring 3 succeeded in 0 usecs
2024-12-18T00:43:18.754351+01:00 kpepe kernel: [drm] ib test on ring 4 succeeded in 0 usecs
2024-12-18T00:43:18.754353+01:00 kpepe kernel: sd 0:0:0:0: [sda] 625142448 512-byte logical blocks: (320 GB/298 GiB)
2024-12-18T00:43:18.754356+01:00 kpepe kernel: sd 0:0:0:0: [sda] 4096-byte physical blocks
2024-12-18T00:43:18.754368+01:00 kpepe kernel: sd 0:0:0:0: [sda] Write Protect is off
2024-12-18T00:43:18.754371+01:00 kpepe kernel: sd 0:0:0:0: [sda] Mode Sense: 00 3a 00 00
2024-12-18T00:43:18.754374+01:00 kpepe kernel: sd 0:0:0:0: [sda] Write cache: enabled, read cache: enabled, doesn't support DPO or FUA
2024-12-18T00:43:18.754376+01:00 kpepe kernel: sd 0:0:0:0: [sda] Preferred minimum I/O size 4096 bytes
2024-12-18T00:43:18.754378+01:00 kpepe kernel: usb 4-3: new full-speed USB device number 2 using ohci-pci
2024-12-18T00:43:18.754380+01:00 kpepe kernel:  sda: sda1 sda2 sda3 < sda5 >
2024-12-18T00:43:18.754392+01:00 kpepe kernel: sd 0:0:0:0: [sda] Attached SCSI disk
2024-12-18T00:43:18.754396+01:00 kpepe kernel: psmouse serio3: synaptics: queried max coordinates: x [..5672], y [..4826]
2024-12-18T00:43:18.754398+01:00 kpepe kernel: psmouse serio3: synaptics: queried min coordinates: x [1336..], y [1070..]
2024-12-18T00:43:18.754400+01:00 kpepe kernel: psmouse serio3: synaptics: Your touchpad (PNP: SYN3009 SYN0100 SYN0002 PNP0f13) says it can support a different bus. If i2c-hid and hid-rmi are not used, you might want to try setting psmouse.synaptics_intertouch to 1 and report this to linux-input@vger.kernel.org.
2024-12-18T00:43:18.754403+01:00 kpepe kernel: usb 4-3: New USB device found, idVendor=0a5c, idProduct=21f1, bcdDevice= 1.12
2024-12-18T00:43:18.754405+01:00 kpepe kernel: usb 4-3: New USB device strings: Mfr=1, Product=2, SerialNumber=3
2024-12-18T00:43:18.754417+01:00 kpepe kernel: usb 4-3: Product: BCM20702A0
2024-12-18T00:43:18.754421+01:00 kpepe kernel: usb 4-3: Manufacturer: Broadcom Corp
2024-12-18T00:43:18.754423+01:00 kpepe kernel: usb 4-3: SerialNumber: ACB57DA7D491
2024-12-18T00:43:18.754425+01:00 kpepe kernel: psmouse serio3: synaptics: Touchpad model: 1, fw: 8.1, id: 0x1e2b1, caps: 0xd00123/0x840300/0x26800/0x0, board id: 2758, fw id: 1530444
2024-12-18T00:43:18.754427+01:00 kpepe kernel: input: SynPS/2 Synaptics TouchPad as /devices/platform/i8042/serio3/input/input11
2024-12-18T00:43:18.754429+01:00 kpepe kernel: [drm] ib test on ring 5 succeeded
2024-12-18T00:43:18.754441+01:00 kpepe kernel: [drm] ib test on ring 6 succeeded
2024-12-18T00:43:18.754445+01:00 kpepe kernel: [drm] ib test on ring 7 succeeded
2024-12-18T00:43:18.754447+01:00 kpepe kernel: [drm] radeon atom DIG backlight initialized
2024-12-18T00:43:18.754449+01:00 kpepe kernel: [drm] Radeon Display Connectors
2024-12-18T00:43:18.754451+01:00 kpepe kernel: [drm] Connector 0:
2024-12-18T00:43:18.754453+01:00 kpepe kernel: [drm]   DP-1
2024-12-18T00:43:18.754465+01:00 kpepe kernel: [drm]   HPD1
2024-12-18T00:43:18.754469+01:00 kpepe kernel: [drm]   DDC: 0x6530 0x6530 0x6534 0x6534 0x6538 0x6538 0x653c 0x653c
2024-12-18T00:43:18.754471+01:00 kpepe kernel: [drm]   Encoders:
2024-12-18T00:43:18.754474+01:00 kpepe kernel: [drm]     DFP1: INTERNAL_UNIPHY2
2024-12-18T00:43:18.754476+01:00 kpepe kernel: [drm] Connector 1:
2024-12-18T00:43:18.754478+01:00 kpepe kernel: [drm]   DP-2
2024-12-18T00:43:18.754480+01:00 kpepe kernel: [drm]   HPD2
2024-12-18T00:43:18.754492+01:00 kpepe kernel: [drm]   DDC: 0x6540 0x6540 0x6544 0x6544 0x6548 0x6548 0x654c 0x654c
